Component: ARM Compiler 5.06 update 7 (build 960) Tool: armlink [4d3601]

==============================================================================

Section Cross References

    startup_stm32g030xx.o(RESET) refers to startup_stm32g030xx.o(STACK) for __initial_sp
    startup_stm32g030xx.o(RESET) refers to startup_stm32g030xx.o(.text) for Reset_Handler
    startup_stm32g030xx.o(RESET) refers to stm32g0xx_it.o(i.NMI_Handler) for NMI_Handler
    startup_stm32g030xx.o(RESET) refers to stm32g0xx_it.o(i.HardFault_Handler) for HardFault_Handler
    startup_stm32g030xx.o(RESET) refers to stm32g0xx_it.o(i.SVC_Handler) for SVC_Handler
    startup_stm32g030xx.o(RESET) refers to stm32g0xx_it.o(i.PendSV_Handler) for PendSV_Handler
    startup_stm32g030xx.o(RESET) refers to stm32g0xx_it.o(i.SysTick_Handler) for SysTick_Handler
    startup_stm32g030xx.o(RESET) refers to stm32g0xx_it.o(i.ADC1_IRQHandler) for ADC1_IRQHandler
    startup_stm32g030xx.o(RESET) refers to stm32g0xx_it.o(i.TIM16_IRQHandler) for TIM16_IRQHandler
    startup_stm32g030xx.o(RESET) refers to stm32g0xx_it.o(i.TIM17_IRQHandler) for TIM17_IRQHandler
    startup_stm32g030xx.o(RESET) refers to stm32g0xx_it.o(i.USART2_IRQHandler) for USART2_IRQHandler
    startup_stm32g030xx.o(.text) refers to system_stm32g0xx.o(i.SystemInit) for SystemInit
    startup_stm32g030xx.o(.text) refers to entry.o(.ARM.Collect$$$$00000000) for __main
    main.o(i.Data_process) refers to driver_queue.o(i.Queue_read) for Queue_read
    main.o(i.Data_process) refers to strncmp.o(.text) for strncmp
    main.o(i.Data_process) refers to strlen.o(.text) for strlen
    main.o(i.Data_process) refers to printf5.o(i.__0printf$5) for __2printf
    main.o(i.Data_process) refers to memcpya.o(.text) for __aeabi_memcpy4
    main.o(i.Data_process) refers to memseta.o(.text) for __aeabi_memclr4
    main.o(i.Data_process) refers to atoi.o(.text) for atoi
    main.o(i.Data_process) refers to idiv.o(.text) for __aeabi_idivmod
    main.o(i.Data_process) refers to stm32g0xx_hal.o(i.HAL_GetTick) for HAL_GetTick
    main.o(i.Data_process) refers to printf5.o(i.__0sprintf$5) for __2sprintf
    main.o(i.Data_process) refers to main.o(i.NMEA_checkSum) for NMEA_checkSum
    main.o(i.Data_process) refers to dfixi.o(.text) for __aeabi_d2iz
    main.o(i.Data_process) refers to main.o(.bss) for .bss
    main.o(i.Data_process) refers to main.o(.data) for .data
    main.o(i.MX_ADC1_Init) refers to stm32g0xx_hal_adc.o(i.HAL_ADC_Init) for HAL_ADC_Init
    main.o(i.MX_ADC1_Init) refers to stm32g0xx_hal_adc.o(i.HAL_ADC_ConfigChannel) for HAL_ADC_ConfigChannel
    main.o(i.MX_ADC1_Init) refers to main.o(.bss) for .bss
    main.o(i.MX_USART2_UART_Init) refers to stm32g0xx_hal_uart.o(i.HAL_UART_Init) for HAL_UART_Init
    main.o(i.MX_USART2_UART_Init) refers to main.o(.bss) for .bss
    main.o(i.SystemClock_Config) refers to memseta.o(.text) for __aeabi_memclr4
    main.o(i.SystemClock_Config) refers to stm32g0xx_hal_pwr_ex.o(i.HAL_PWREx_ControlVoltageScaling) for HAL_PWREx_ControlVoltageScaling
    main.o(i.SystemClock_Config) refers to stm32g0xx_hal_rcc.o(i.HAL_RCC_OscConfig) for HAL_RCC_OscConfig
    main.o(i.SystemClock_Config) refers to stm32g0xx_hal_rcc.o(i.HAL_RCC_ClockConfig) for HAL_RCC_ClockConfig
    main.o(i.main) refers to stm32g0xx_hal.o(i.HAL_Init) for HAL_Init
    main.o(i.main) refers to main.o(i.SystemClock_Config) for SystemClock_Config
    main.o(i.main) refers to stm32g0xx_hal_tim.o(i.HAL_TIM_Base_Init) for HAL_TIM_Base_Init
    main.o(i.main) refers to main.o(i.MX_ADC1_Init) for MX_ADC1_Init
    main.o(i.main) refers to main.o(i.MX_USART2_UART_Init) for MX_USART2_UART_Init
    main.o(i.main) refers to stm32g0xx_hal_iwdg.o(i.HAL_IWDG_Init) for HAL_IWDG_Init
    main.o(i.main) refers to stm32g0xx_hal.o(i.HAL_Delay) for HAL_Delay
    main.o(i.main) refers to printf5.o(i.__0printf$5) for __2printf
    main.o(i.main) refers to driver_queue.o(i.Queue_Init) for Queue_Init
    main.o(i.main) refers to stm32g0xx_hal_iwdg.o(i.HAL_IWDG_Refresh) for HAL_IWDG_Refresh
    main.o(i.main) refers to main.o(i.temp_cal) for temp_cal
    main.o(i.main) refers to main.o(i.Data_process) for Data_process
    main.o(i.main) refers to stm32g0xx_hal.o(i.HAL_GetTick) for HAL_GetTick
    main.o(i.main) refers to main.o(i.MBSendData) for MBSendData
    main.o(i.main) refers to main.o(.data) for .data
    main.o(i.main) refers to main.o(.bss) for .bss
    main.o(i.main) refers to main.o(.conststring) for .conststring
    main.o(i.temp_cal) refers to thermistor.o(i.ADC_Start) for ADC_Start
    main.o(i.temp_cal) refers to thermistor.o(i.ADC_WaitForConv) for ADC_WaitForConv
    main.o(i.temp_cal) refers to thermistor.o(i.ADC_GetVal) for ADC_GetVal
    main.o(i.temp_cal) refers to dfltui.o(.text) for __aeabi_ui2d
    main.o(i.temp_cal) refers to dmul.o(.text) for __aeabi_dmul
    main.o(i.temp_cal) refers to ddiv.o(.text) for __aeabi_ddiv
    main.o(i.temp_cal) refers to dadd.o(.text) for __aeabi_dsub
[...]
    Removing stm32g0xx_hal_tim_ex.o(i.HAL_TIMEx_OnePulseN_Start), (98 bytes).
    Removing stm32g0xx_hal_tim_ex.o(i.HAL_TIMEx_OnePulseN_Start_IT), (116 bytes).
    Removing stm32g0xx_hal_tim_ex.o(i.HAL_TIMEx_OnePulseN_Stop), (112 bytes).
    Removing stm32g0xx_hal_tim_ex.o(i.HAL_TIMEx_OnePulseN_Stop_IT), (132 bytes).
    Removing stm32g0xx_hal_tim_ex.o(i.HAL_TIMEx_PWMN_Start), (140 bytes).
    Removing stm32g0xx_hal_tim_ex.o(i.HAL_TIMEx_PWMN_Start_DMA), (332 bytes).
    Removing stm32g0xx_hal_tim_ex.o(i.HAL_TIMEx_PWMN_Start_IT), (176 bytes).
    Removing stm32g0xx_hal_tim_ex.o(i.HAL_TIMEx_PWMN_Stop), (108 bytes).
    Removing stm32g0xx_hal_tim_ex.o(i.HAL_TIMEx_PWMN_Stop_DMA), (176 bytes).
    Removing stm32g0xx_hal_tim_ex.o(i.HAL_TIMEx_PWMN_Stop_IT), (168 bytes).
    Removing stm32g0xx_hal_tim_ex.o(i.HAL_TIMEx_ReArmBreakInput), (112 bytes).
    Removing stm32g0xx_hal_tim_ex.o(i.HAL_TIMEx_RemapConfig), (40 bytes).
    Removing stm32g0xx_hal_tim_ex.o(i.HAL_TIMEx_TISelection), (82 bytes).
    Removing stm32g0xx_hal_tim_ex.o(i.TIMEx_DMACommutationCplt), (16 bytes).
    Removing stm32g0xx_hal_tim_ex.o(i.TIMEx_DMACommutationHalfCplt), (16 bytes).
    Removing stm32g0xx_hal_tim_ex.o(i.TIM_CCxNChannelCmd), (26 bytes).
    Removing stm32g0xx_hal_tim_ex.o(i.TIM_DMADelayPulseNCplt), (102 bytes).
    Removing stm32g0xx_hal_tim_ex.o(i.TIM_DMAErrorCCxN), (62 bytes).
    Removing stm32g0xx_hal_uart.o(.rev16_text), (4 bytes).
    Removing stm32g0xx_hal_uart.o(.revsh_text), (4 bytes).
    Removing stm32g0xx_hal_uart.o(i.HAL_HalfDuplex_EnableReceiver), (78 bytes).
    Removing stm32g0xx_hal_uart.o(i.HAL_HalfDuplex_EnableTransmitter), (78 bytes).
    Removing stm32g0xx_hal_uart.o(i.HAL_HalfDuplex_Init), (118 bytes).
    Removing stm32g0xx_hal_uart.o(i.HAL_LIN_Init), (146 bytes).
    Removing stm32g0xx_hal_uart.o(i.HAL_LIN_SendBreak), (42 bytes).
    Removing stm32g0xx_hal_uart.o(i.HAL_MultiProcessor_DisableMuteMode), (58 bytes).
    Removing stm32g0xx_hal_uart.o(i.HAL_MultiProcessor_EnableMuteMode), (58 bytes).
    Removing stm32g0xx_hal_uart.o(i.HAL_MultiProcessor_EnterMuteMode), (12 bytes).
    Removing stm32g0xx_hal_uart.o(i.HAL_MultiProcessor_Init), (144 bytes).
    Removing stm32g0xx_hal_uart.o(i.HAL_UART_Abort), (276 bytes).
    Removing stm32g0xx_hal_uart.o(i.HAL_UART_AbortCpltCallback), (2 bytes).
    Removing stm32g0xx_hal_uart.o(i.HAL_UART_AbortReceive), (192 bytes).
    Removing stm32g0xx_hal_uart.o(i.HAL_UART_AbortReceiveCpltCallback), (2 bytes).
    Removing stm32g0xx_hal_uart.o(i.HAL_UART_AbortReceive_IT), (208 bytes).
    Removing stm32g0xx_hal_uart.o(i.HAL_UART_AbortTransmit), (158 bytes).
    Removing stm32g0xx_hal_uart.o(i.HAL_UART_AbortTransmitCpltCallback), (2 bytes).
    Removing stm32g0xx_hal_uart.o(i.HAL_UART_AbortTransmit_IT), (172 bytes).
    Removing stm32g0xx_hal_uart.o(i.HAL_UART_Abort_IT), (316 bytes).
    Removing stm32g0xx_hal_uart.o(i.HAL_UART_DMAPause), (150 bytes).
    Removing stm32g0xx_hal_uart.o(i.HAL_UART_DMAResume), (146 bytes).
    Removing stm32g0xx_hal_uart.o(i.HAL_UART_DMAStop), (154 bytes).
    Removing stm32g0xx_hal_uart.o(i.HAL_UART_DeInit), (64 bytes).
    Removing stm32g0xx_hal_uart.o(i.HAL_UART_DisableReceiverTimeout), (50 bytes).
    Removing stm32g0xx_hal_uart.o(i.HAL_UART_EnableReceiverTimeout), (50 bytes).
    Removing stm32g0xx_hal_uart.o(i.HAL_UART_GetError), (6 bytes).
    Removing stm32g0xx_hal_uart.o(i.HAL_UART_GetState), (12 bytes).
    Removing stm32g0xx_hal_uart.o(i.HAL_UART_MspDeInit), (2 bytes).
    Removing stm32g0xx_hal_uart.o(i.HAL_UART_MspInit), (2 bytes).
    Removing stm32g0xx_hal_uart.o(i.HAL_UART_Receive), (276 bytes).
    Removing stm32g0xx_hal_uart.o(i.HAL_UART_Receive_DMA), (100 bytes).
    Removing stm32g0xx_hal_uart.o(i.HAL_UART_Receive_IT), (100 bytes).
    Removing stm32g0xx_hal_uart.o(i.HAL_UART_ReceiverTimeout_Config), (14 bytes).
    Removing stm32g0xx_hal_uart.o(i.HAL_UART_RxCpltCallback), (2 bytes).
    Removing stm32g0xx_hal_uart.o(i.HAL_UART_RxHalfCpltCallback), (2 bytes).
    Removing stm32g0xx_hal_uart.o(i.HAL_UART_Transmit), (216 bytes).
    Removing stm32g0xx_hal_uart.o(i.HAL_UART_Transmit_DMA), (184 bytes).
    Removing stm32g0xx_hal_uart.o(i.HAL_UART_Transmit_IT), (192 bytes).
    Removing stm32g0xx_hal_uart.o(i.HAL_UART_TxHalfCpltCallback), (2 bytes).
    Removing stm32g0xx_hal_uart.o(i.UART_DMAError), (78 bytes).
    Removing stm32g0xx_hal_uart.o(i.UART_DMAReceiveCplt), (152 bytes).
    Removing stm32g0xx_hal_uart.o(i.UART_DMARxAbortCallback), (64 bytes).
    Removing stm32g0xx_hal_uart.o(i.UART_DMARxHalfCplt), (28 bytes).
    Removing stm32g0xx_hal_uart.o(i.UART_DMARxOnlyAbortCallback), (40 bytes).
    Removing stm32g0xx_hal_uart.o(i.UART_DMATransmitCplt), (76 bytes).
    Removing stm32g0xx_hal_uart.o(i.UART_DMATxAbortCallback), (74 bytes).
    Removing stm32g0xx_hal_uart.o(i.UART_DMATxHalfCplt), (10 bytes).
    Removing stm32g0xx_hal_uart.o(i.UART_DMATxOnlyAbortCallback), (42 bytes).
    Removing stm32g0xx_hal_uart.o(i.UART_EndTxTransfer), (60 bytes).
    Removing stm32g0xx_hal_uart.o(i.UART_RxISR_16BIT), (172 bytes).
    Removing stm32g0xx_hal_uart.o(i.UART_RxISR_16BIT_FIFOEN), (396 bytes).
    Removing stm32g0xx_hal_uart.o(i.UART_RxISR_8BIT), (172 bytes).
    Removing stm32g0xx_hal_uart.o(i.UART_RxISR_8BIT_FIFOEN), (396 bytes).
    Removing stm32g0xx_hal_uart.o(i.UART_Start_Receive_DMA), (176 bytes).
    Removing stm32g0xx_hal_uart.o(i.UART_Start_Receive_IT), (308 bytes).
    Removing stm32g0xx_hal_uart.o(i.UART_TxISR_16BIT), (96 bytes).
    Removing stm32g0xx_hal_uart.o(i.UART_TxISR_16BIT_FIFOEN), (116 bytes).
    Removing stm32g0xx_hal_uart.o(i.UART_TxISR_8BIT), (92 bytes).
    Removing stm32g0xx_hal_uart.o(i.UART_TxISR_8BIT_FIFOEN), (112 bytes).
    Removing stm32g0xx_hal_uart_ex.o(.rev16_text), (4 bytes).
    Removing stm32g0xx_hal_uart_ex.o(.revsh_text), (4 bytes).
    Removing stm32g0xx_hal_uart_ex.o(i.HAL_MultiProcessorEx_AddressLength_Set), (54 bytes).
    Removing stm32g0xx_hal_uart_ex.o(i.HAL_RS485Ex_Init), (144 bytes).
    Removing stm32g0xx_hal_uart_ex.o(i.HAL_UARTEx_DisableFifoMode), (60 bytes).
    Removing stm32g0xx_hal_uart_ex.o(i.HAL_UARTEx_DisableStopMode), (48 bytes).
    Removing stm32g0xx_hal_uart_ex.o(i.HAL_UARTEx_EnableFifoMode), (62 bytes).
    Removing stm32g0xx_hal_uart_ex.o(i.HAL_UARTEx_EnableStopMode), (48 bytes).
    Removing stm32g0xx_hal_uart_ex.o(i.HAL_UARTEx_ReceiveToIdle), (340 bytes).
    Removing stm32g0xx_hal_uart_ex.o(i.HAL_UARTEx_ReceiveToIdle_DMA), (112 bytes).
    Removing stm32g0xx_hal_uart_ex.o(i.HAL_UARTEx_ReceiveToIdle_IT), (112 bytes).
    Removing stm32g0xx_hal_uart_ex.o(i.HAL_UARTEx_SetRxFifoThreshold), (72 bytes).
    Removing stm32g0xx_hal_uart_ex.o(i.HAL_UARTEx_SetTxFifoThreshold), (70 bytes).
    Removing stm32g0xx_hal_uart_ex.o(i.HAL_UARTEx_StopModeWakeUpSourceConfig), (152 bytes).
    Removing stm32g0xx_hal_uart_ex.o(i.UARTEx_SetNbDataToProcess), (68 bytes).
    Removing stm32g0xx_hal_uart_ex.o(.constdata), (16 bytes).
    Removing system_stm32g0xx.o(.rev16_text), (4 bytes).
    Removing system_stm32g0xx.o(.revsh_text), (4 bytes).
    Removing system_stm32g0xx.o(i.SystemCoreClockUpdate), (144 bytes).
    Removing dfixul.o(.text), (64 bytes).
    Removing stm32g0xx_hal_dma.o(i.__ARM_common_switch8), (26 bytes).

469 unused section(s) (total 36051 bytes) removed from the image.

==============================================================================

Image Symbol Table

    Local Symbols

    Symbol Name                              Value     Ov Type        Size  Object(Section)

    ../Core/Src/main.c                       0x00000000   Number         0  main.o ABSOLUTE
    ../Core/Src/stm32g0xx_hal_msp.c          0x00000000   Number         0  stm32g0xx_hal_msp.o ABSOLUTE
    ../Core/Src/stm32g0xx_it.c               0x00000000   Number         0  stm32g0xx_it.o ABSOLUTE
    ../Core/Src/system_stm32g0xx.c           0x00000000   Number         0  system_stm32g0xx.o ABSOLUTE
    ../Drivers/STM32G0xx_HAL_Driver/Src/stm32g0xx_hal.c 0x00000000   Number         0  stm32g0xx_hal.o ABSOLUTE
    ../Drivers/STM32G0xx_HAL_Driver/Src/stm32g0xx_hal_adc.c 0x00000000   Number         0  stm32g0xx_hal_adc.o ABSOLUTE
    ../Drivers/STM32G0xx_HAL_Driver/Src/stm32g0xx_hal_adc_ex.c 0x00000000   Number         0  stm32g0xx_hal_adc_ex.o ABSOLUTE
    ../Drivers/STM32G0xx_HAL_Driver/Src/stm32g0xx_hal_cortex.c 0x00000000   Number         0  stm32g0xx_hal_cortex.o ABSOLUTE
    ../Drivers/STM32G0xx_HAL_Driver/Src/stm32g0xx_hal_dma.c 0x00000000   Number         0  stm32g0xx_hal_dma.o ABSOLUTE
    ../Drivers/STM32G0xx_HAL_Driver/Src/stm32g0xx_hal_dma_ex.c 0x00000000   Number         0  stm32g0xx_hal_dma_ex.o ABSOLUTE
    ../Drivers/STM32G0xx_HAL_Driver/Src/stm32g0xx_hal_exti.c 0x00000000   Number         0  stm32g0xx_hal_exti.o ABSOLUTE
    ../Drivers/STM32G0xx_HAL_Driver/Src/stm32g0xx_hal_flash.c 0x00000000   Number         0  stm32g0xx_hal_flash.o ABSOLUTE
    ../Drivers/STM32G0xx_HAL_Driver/Src/stm32g0xx_hal_flash_ex.c 0x00000000   Number         0  stm32g0xx_hal_flash_ex.o ABSOLUTE
    ../Drivers/STM32G0xx_HAL_Driver/Src/stm32g0xx_hal_gpio.c 0x00000000   Number         0  stm32g0xx_hal_gpio.o ABSOLUTE
    ../Drivers/STM32G0xx_HAL_Driver/Src/stm32g0xx_hal_iwdg.c 0x00000000   Number         0  stm32g0xx_hal_iwdg.o ABSOLUTE
    ../Drivers/STM32G0xx_HAL_Driver/Src/stm32g0xx_hal_pwr.c 0x00000000   Number         0  stm32g0xx_hal_pwr.o ABSOLUTE
    ../Drivers/STM32G0xx_HAL_Driver/Src/stm32g0xx_hal_pwr_ex.c 0x00000000   Number         0  stm32g0xx_hal_pwr_ex.o ABSOLUTE
    ../Drivers/STM32G0xx_HAL_Driver/Src/stm32g0xx_hal_rcc.c 0x00000000   Number         0  stm32g0xx_hal_rcc.o ABSOLUTE
    ../Drivers/STM32G0xx_HAL_Driver/Src/stm32g0xx_hal_rcc_ex.c 0x00000000   Number         0  stm32g0xx_hal_rcc_ex.o ABSOLUTE
    ../Drivers/STM32G0xx_HAL_Driver/Src/stm32g0xx_hal_tim.c 0x00000000   Number         0  stm32g0xx_hal_tim.o ABSOLUTE
    ../Drivers/STM32G0xx_HAL_Driver/Src/stm32g0xx_hal_tim_ex.c 0x00000000   Number         0  stm32g0xx_hal_tim_ex.o ABSOLUTE
    ../Drivers/STM32G0xx_HAL_Driver/Src/stm32g0xx_hal_uart.c 0x00000000   Number         0  stm32g0xx_hal_uart.o ABSOLUTE
    ../Drivers/STM32G0xx_HAL_Driver/Src/stm32g0xx_hal_uart_ex.c 0x00000000   Number         0  stm32g0xx_hal_uart_ex.o ABSOLUTE
    ../Drivers/STM32G0xx_HAL_Driver/Src/stm32g0xx_ll_adc.c 0x00000000   Number         0  stm32g0xx_ll_adc.o ABSOLUTE
    ../Drivers/STM32G0xx_HAL_Driver/Src/stm32g0xx_ll_dma.c 0x00000000   Number         0  stm32g0xx_ll_dma.o ABSOLUTE
    ../Drivers/STM32G0xx_HAL_Driver/Src/stm32g0xx_ll_rcc.c 0x00000000   Number         0  stm32g0xx_ll_rcc.o ABSOLUTE
    ../clib/microlib/ctype/ctype.c           0x00000000   Number         0  iscntrl_o.o ABSOLUTE
    ../clib/microlib/ctype/ctype.c           0x00000000   Number         0  isblank_o.o ABSOLUTE
    ../clib/microlib/ctype/ctype.c           0x00000000   Number         0  isalpha_o.o ABSOLUTE
    ../clib/microlib/ctype/ctype.c           0x00000000   Number         0  isalnum_o.o ABSOLUTE
    ../clib/microlib/ctype/ctype.c           0x00000000   Number         0  isxdigit_o.o ABSOLUTE
    ../clib/microlib/ctype/ctype.c           0x00000000   Number         0  islower_o.o ABSOLUTE
    ../clib/microlib/ctype/ctype.c           0x00000000   Number         0  ctype_o.o ABSOLUTE
    ../clib/microlib/ctype/ctype.c           0x00000000   Number         0  isgraph_o.o ABSOLUTE
    ../clib/microlib/ctype/ctype.c           0x00000000   Number         0  isdigit_o.o ABSOLUTE
    ../clib/microlib/ctype/ctype.c           0x00000000   Number         0  isprint_o.o ABSOLUTE
    ../clib/microlib/ctype/ctype.c           0x00000000   Number         0  ispunct_o.o ABSOLUTE
    ../clib/microlib/ctype/ctype.c           0x00000000   Number         0  isspace_o.o ABSOLUTE
    ../clib/microlib/ctype/ctype.c           0x00000000   Number         0  isupper_o.o ABSOLUTE
    ../clib/microlib/division.c              0x00000000   Number         0  uidiv.o ABSOLUTE
    ../clib/microlib/division.c              0x00000000   Number         0  uldiv.o ABSOLUTE
    ../clib/microlib/division.c              0x00000000   Number         0  idiv.o ABSOLUTE
    ../clib/microlib/errno.c                 0x00000000   Number         0  errno.o ABSOLUTE
    ../clib/microlib/init/entry.s            0x00000000   Number         0  entry12b.o ABSOLUTE
    ../clib/microlib/init/entry.s            0x00000000   Number         0  entry12a.o ABSOLUTE
    ../clib/microlib/init/entry.s            0x00000000   Number         0  entry11b.o ABSOLUTE
    ../clib/microlib/init/entry.s            0x00000000   Number         0  entry10a.o ABSOLUTE
    ../clib/microlib/init/entry.s            0x00000000   Number         0  entry11a.o ABSOLUTE
    ../clib/microlib/init/entry.s            0x00000000   Number         0  entry10b.o ABSOLUTE
    ../clib/microlib/init/entry.s            0x00000000   Number         0  entry8a.o ABSOLUTE
    ../clib/microlib/init/entry.s            0x00000000   Number         0  entry.o ABSOLUTE
    ../clib/microlib/init/entry.s            0x00000000   Number         0  entry9b.o ABSOLUTE
    ../clib/microlib/init/entry.s            0x00000000   Number         0  entry8b.o ABSOLUTE
    ../clib/microlib/init/entry.s            0x00000000   Number         0  entry7b.o ABSOLUTE
    ../clib/microlib/init/entry.s            0x00000000   Number         0  entry7a.o ABSOLUTE
    ../clib/microlib/init/entry.s            0x00000000   Number         0  entry5.o ABSOLUTE
    ../clib/microlib/init/entry.s            0x00000000   Number         0  entry2.o ABSOLUTE
    ../clib/microlib/init/entry.s            0x00000000   Number         0  entry9a.o ABSOLUTE
    ../clib/microlib/longlong.c              0x00000000   Number         0  llushr.o ABSOLUTE
    ../clib/microlib/longlong.c              0x00000000   Number         0  llsshr.o ABSOLUTE
    ../clib/microlib/longlong.c              0x00000000   Number         0  llshl.o ABSOLUTE
    ../clib/microlib/printf/printf.c         0x00000000   Number         0  printf3.o ABSOLUTE
    ../clib/microlib/printf/printf.c         0x00000000   Number         0  printf2.o ABSOLUTE
    ../clib/microlib/printf/printf.c         0x00000000   Number         0  printf1.o ABSOLUTE
    ../clib/microlib/printf/printf.c         0x00000000   Number         0  printf0.o ABSOLUTE
    ../clib/microlib/printf/printf.c         0x00000000   Number         0  printfb.o ABSOLUTE
    ../clib/microlib/printf/printf.c         0x00000000   Number         0  printf8.o ABSOLUTE
    ../clib/microlib/printf/printf.c         0x00000000   Number         0  printfa.o ABSOLUTE
    ../clib/microlib/printf/printf.c         0x00000000   Number         0  printf7.o ABSOLUTE
    ../clib/microlib/printf/printf.c         0x00000000   Number         0  printf6.o ABSOLUTE
    ../clib/microlib/printf/printf.c         0x00000000   Number         0  printf5.o ABSOLUTE
    ../clib/microlib/printf/printf.c         0x00000000   Number         0  printf4.o ABSOLUTE
    ../clib/microlib/printf/stubs.s          0x00000000   Number         0  stubs.o ABSOLUTE
    ../clib/microlib/stdio/streams.c         0x00000000   Number         0  stdout.o ABSOLUTE
    ../clib/microlib/string/memcpy.c         0x00000000   Number         0  memcpyb.o ABSOLUTE
    ../clib/microlib/string/memcpy.c         0x00000000   Number         0  memcpya.o ABSOLUTE
    ../clib/microlib/string/memset.c         0x00000000   Number         0  memseta.o ABSOLUTE
    ../clib/microlib/string/strlen.c         0x00000000   Number         0  strlen.o ABSOLUTE
    ../clib/microlib/string/strncmp.c        0x00000000   Number         0  strncmp.o ABSOLUTE
    ../clib/microlib/stubs.s                 0x00000000   Number         0  iusefp.o ABSOLUTE
    ../clib/scanf.c                          0x00000000   Number         0  _strtoul.o ABSOLUTE
    ../clib/scanf.c                          0x00000000   Number         0  _chval.o ABSOLUTE
    ../clib/scanf.c                          0x00000000   Number         0  strtol.o ABSOLUTE
    ../clib/scanf.c                          0x00000000   Number         0  atoi.o ABSOLUTE
    ../fplib/microlib/fpadd.c                0x00000000   Number         0  dadd.o ABSOLUTE
    ../fplib/microlib/fpdiv.c                0x00000000   Number         0  ddiv.o ABSOLUTE
    ../fplib/microlib/fpepilogue.c           0x00000000   Number         0  depilogue.o ABSOLUTE
    ../fplib/microlib/fpfix.c                0x00000000   Number         0  dfixul.o ABSOLUTE
    ../fplib/microlib/fpfix.c                0x00000000   Number         0  dfixi.o ABSOLUTE
    ../fplib/microlib/fpflt.c                0x00000000   Number         0  dflti.o ABSOLUTE
    ../fplib/microlib/fpflt.c                0x00000000   Number         0  dfltui.o ABSOLUTE
    ../fplib/microlib/fpmul.c                0x00000000   Number         0  dmul.o ABSOLUTE
    ../fplib/microlib/fpscalb.c              0x00000000   Number         0  dscalb.o ABSOLUTE
    ../mathlib/dunder.c                      0x00000000   Number         0  dunder.o ABSOLUTE
    ../mathlib/log.c                         0x00000000   Number         0  log_x.o ABSOLUTE
    ../mathlib/log.c                         0x00000000   Number         0  log.o ABSOLUTE
    ../mathlib/poly.c                        0x00000000   Number         0  poly.o ABSOLUTE
    ../mathlib/qnan.c                        0x00000000   Number         0  qnan.o ABSOLUTE
    ..\Core\Src\driver_queue.c               0x00000000   Number         0  driver_queue.o ABSOLUTE
    ..\Core\Src\main.c                       0x00000000   Number         0  main.o ABSOLUTE
    ..\Core\Src\stm32g0xx_hal_msp.c          0x00000000   Number         0  stm32g0xx_hal_msp.o ABSOLUTE
    ..\Core\Src\stm32g0xx_it.c               0x00000000   Number         0  stm32g0xx_it.o ABSOLUTE
    ..\Core\Src\system_stm32g0xx.c           0x00000000   Number         0  system_stm32g0xx.o ABSOLUTE
    ..\Core\Src\thermistor.c                 0x00000000   Number         0  thermistor.o ABSOLUTE
    ..\Drivers\STM32G0xx_HAL_Driver\Src\stm32g0xx_hal.c 0x00000000   Number         0  stm32g0xx_hal.o ABSOLUTE
    ..\Drivers\STM32G0xx_HAL_Driver\Src\stm32g0xx_hal_adc.c 0x00000000   Number         0  stm32g0xx_hal_adc.o ABSOLUTE
    ..\Drivers\STM32G0xx_HAL_Driver\Src\stm32g0xx_hal_adc_ex.c 0x00000000   Number         0  stm32g0xx_hal_adc_ex.o ABSOLUTE
    ..\Drivers\STM32G0xx_HAL_Driver\Src\stm32g0xx_hal_cortex.c 0x00000000   Number         0  stm32g0xx_hal_cortex.o ABSOLUTE
    ..\Drivers\STM32G0xx_HAL_Driver\Src\stm32g0xx_hal_dma.c 0x00000000   Number         0  stm32g0xx_hal_dma.o ABSOLUTE
    ..\Drivers\STM32G0xx_HAL_Driver\Src\stm32g0xx_hal_dma_ex.c 0x00000000   Number         0  stm32g0xx_hal_dma_ex.o ABSOLUTE
    ..\Drivers\STM32G0xx_HAL_Driver\Src\stm32g0xx_hal_exti.c 0x00000000   Number         0  stm32g0xx_hal_exti.o ABSOLUTE
    ..\Drivers\STM32G0xx_HAL_Driver\Src\stm32g0xx_hal_flash.c 0x00000000   Number         0  stm32g0xx_hal_flash.o ABSOLUTE
    ..\Drivers\STM32G0xx_HAL_Driver\Src\stm32g0xx_hal_flash_ex.c 0x00000000   Number         0  stm32g0xx_hal_flash_ex.o ABSOLUTE
    ..\Drivers\STM32G0xx_HAL_Driver\Src\stm32g0xx_hal_gpio.c 0x00000000   Number         0  stm32g0xx_hal_gpio.o ABSOLUTE
    ..\Drivers\STM32G0xx_HAL_Driver\Src\stm32g0xx_hal_iwdg.c 0x00000000   Number         0  stm32g0xx_hal_iwdg.o ABSOLUTE
    ..\Drivers\STM32G0xx_HAL_Driver\Src\stm32g0xx_hal_pwr.c 0x00000000   Number         0  stm32g0xx_hal_pwr.o ABSOLUTE
    ..\Drivers\STM32G0xx_HAL_Driver\Src\stm32g0xx_hal_pwr_ex.c 0x00000000   Number         0  stm32g0xx_hal_pwr_ex.o ABSOLUTE
    ..\Drivers\STM32G0xx_HAL_Driver\Src\stm32g0xx_hal_rcc.c 0x00000000   Number         0  stm32g0xx_hal_rcc.o ABSOLUTE
    ..\Drivers\STM32G0xx_HAL_Driver\Src\stm32g0xx_hal_rcc_ex.c 0x00000000   Number         0  stm32g0xx_hal_rcc_ex.o ABSOLUTE
    ..\Drivers\STM32G0xx_HAL_Driver\Src\stm32g0xx_hal_tim.c 0x00000000   Number         0  stm32g0xx_hal_tim.o ABSOLUTE
    ..\Drivers\STM32G0xx_HAL_Driver\Src\stm32g0xx_hal_tim_ex.c 0x00000000   Number         0  stm32g0xx_hal_tim_ex.o ABSOLUTE
    ..\Drivers\STM32G0xx_HAL_Driver\Src\stm32g0xx_hal_uart.c 0x00000000   Number         0  stm32g0xx_hal_uart.o ABSOLUTE
    ..\Drivers\STM32G0xx_HAL_Driver\Src\stm32g0xx_hal_uart_ex.c 0x00000000   Number         0  stm32g0xx_hal_uart_ex.o ABSOLUTE
    ..\\Core\\Src\\driver_queue.c            0x00000000   Number         0  driver_queue.o ABSOLUTE
    ..\\Core\\Src\\thermistor.c              0x00000000   Number         0  thermistor.o ABSOLUTE
    cdcmple.s                                0x00000000   Number         0  cdcmple.o ABSOLUTE
    cdrcmple.s                               0x00000000   Number         0  cdrcmple.o ABSOLUTE
    dc.s                                     0x00000000   Number         0  dc.o ABSOLUTE
    flash.c                                  0x00000000   Number         0  flash.o ABSOLUTE
    flash.c                                  0x00000000   Number         0  flash.o ABSOLUTE
    handlers.s                               0x00000000   Number         0  handlers.o ABSOLUTE
    init.s                                   0x00000000   Number         0  init.o ABSOLUTE
    startup_stm32g030xx.s                    0x00000000   Number         0  startup_stm32g030xx.o ABSOLUTE
    RESET                                    0x08000000   Section      192  startup_stm32g030xx.o(RESET)
    .ARM.Collect$$$$00000000                 0x080000c0   Section        0  entry.o(.ARM.Collect$$$$00000000)
    .ARM.Collect$$$$00000001                 0x080000c0   Section        4  entry2.o(.ARM.Collect$$$$00000001)
    .ARM.Collect$$$$00000004                 0x080000c4   Section        4  entry5.o(.ARM.Collect$$$$00000004)
    .ARM.Collect$$$$00000008                 0x080000c8   Section        0  entry7b.o(.ARM.Collect$$$$00000008)
    .ARM.Collect$$$$0000000A                 0x080000c8   Section        0  entry8b.o(.ARM.Collect$$$$0000000A)
    .ARM.Collect$$$$0000000B                 0x080000c8   Section        8  entry9a.o(.ARM.Collect$$$$0000000B)
    .ARM.Collect$$$$0000000E                 0x080000d0   Section        4  entry12b.o(.ARM.Collect$$$$0000000E)
    .ARM.Collect$$$$0000000F                 0x080000d4   Section        0  entry10a.o(.ARM.Collect$$$$0000000F)
    .ARM.Collect$$$$00000011                 0x080000d4   Section        0  entry11a.o(.ARM.Collect$$$$00000011)
    .ARM.Collect$$$$00002712                 0x080000d4   Section        4  entry2.o(.ARM.Collect$$$$00002712)
    __lit__00000000                          0x080000d4   Data           4  entry2.o(.ARM.Collect$$$$00002712)
    .text                                    0x080000d8   Section       28  startup_stm32g030xx.o(.text)
    .text                                    0x080000f4   Section        0  uidiv.o(.text)
    .text                                    0x08000120   Section        0  idiv.o(.text)
    .text                                    0x08000148   Section        0  memcpya.o(.text)
    .text                                    0x0800016c   Section        0  memseta.o(.text)
    .text                                    0x08000190   Section        0  strlen.o(.text)
    .text                                    0x0800019e   Section        0  strncmp.o(.text)
    .text                                    0x080001bc   Section        0  atoi.o(.text)
    .text                                    0x080001d8   Section        0  dadd.o(.text)
    .text                                    0x08000340   Section        0  dmul.o(.text)
    .text                                    0x08000410   Section        0  ddiv.o(.text)
    .text                                    0x08000500   Section        0  dfltui.o(.text)
    .text                                    0x0800051c   Section        0  dfixi.o(.text)
    .text                                    0x08000564   Section       40  cdcmple.o(.text)
    .text                                    0x0800058c   Section       40  cdrcmple.o(.text)
    .text                                    0x080005b4   Section        0  uldiv.o(.text)
    .text                                    0x08000614   Section        0  llshl.o(.text)
    .text                                    0x08000634   Section        0  llushr.o(.text)
    .text                                    0x08000656   Section        0  llsshr.o(.text)
    .text                                    0x0800067c   Section        0  strtol.o(.text)
    .text                                    0x080006ec   Section        0  depilogue.o(.text)
    .text                                    0x080006ec   Section        0  iusefp.o(.text)
    .text                                    0x080007aa   Section        0  dscalb.o(.text)
    .text                                    0x080007d8   Section        0  dflti.o(.text)
    .text                                    0x08000800   Section       36  init.o(.text)
    .text                                    0x08000824   Section        0  ctype_o.o(.text)
    .text                                    0x0800082c   Section        0  _strtoul.o(.text)
    .text                                    0x080008d2   Section        0  _chval.o(.text)
    i.ADC1_IRQHandler                        0x080008f0   Section        0  stm32g0xx_it.o(i.ADC1_IRQHandler)
    i.ADC_GetVal                             0x08000900   Section        0  thermistor.o(i.ADC_GetVal)
    i.ADC_Start                              0x0800090c   Section        0  thermistor.o(i.ADC_Start)
    i.ADC_WaitForConv                        0x08000928   Section        0  thermistor.o(i.ADC_WaitForConv)
    i.Data_process                           0x08000938   Section        0  main.o(i.Data_process)
    i.Error_Handler                          0x08000c04   Section        0  main.o(i.Error_Handler)
    i.HAL_ADCEx_ChannelConfigReadyCallback   0x08000c08   Section        0  stm32g0xx_hal_adc_ex.o(i.HAL_ADCEx_ChannelConfigReadyCallback)
    i.HAL_ADCEx_EndOfSamplingCallback        0x08000c0a   Section        0  stm32g0xx_hal_adc_ex.o(i.HAL_ADCEx_EndOfSamplingCallback)
    i.HAL_ADCEx_LevelOutOfWindow2Callback    0x08000c0c   Section        0  stm32g0xx_hal_adc_ex.o(i.HAL_ADCEx_LevelOutOfWindow2Callback)
    i.HAL_ADCEx_LevelOutOfWindow3Callback    0x08000c0e   Section        0  stm32g0xx_hal_adc_ex.o(i.HAL_ADCEx_LevelOutOfWindow3Callback)
    i.HAL_ADC_ConfigChannel                  0x08000c10   Section        0  stm32g0xx_hal_adc.o(i.HAL_ADC_ConfigChannel)
    i.HAL_ADC_ConvCpltCallback               0x08000e34   Section        0  stm32g0xx_hal_adc.o(i.HAL_ADC_ConvCpltCallback)
    i.HAL_ADC_ErrorCallback                  0x08000e36   Section        0  stm32g0xx_hal_adc.o(i.HAL_ADC_ErrorCallback)
    i.HAL_ADC_IRQHandler                     0x08000e38   Section        0  stm32g0xx_hal_adc.o(i.HAL_ADC_IRQHandler)
    i.HAL_ADC_Init                           0x08000f88   Section        0  stm32g0xx_hal_adc.o(i.HAL_ADC_Init)
    i.HAL_ADC_LevelOutOfWindowCallback       0x080011a8   Section        0  stm32g0xx_hal_adc.o(i.HAL_ADC_LevelOutOfWindowCallback)
    i.HAL_ADC_MspInit                        0x080011ac   Section        0  stm32g0xx_hal_msp.o(i.HAL_ADC_MspInit)
    i.HAL_DMA_Abort                          0x08001238   Section        0  stm32g0xx_hal_dma.o(i.HAL_DMA_Abort)
    i.HAL_DMA_Abort_IT                       0x080012ac   Section        0  stm32g0xx_hal_dma.o(i.HAL_DMA_Abort_IT)
    i.HAL_Delay                              0x08001328   Section        0  stm32g0xx_hal.o(i.HAL_Delay)
    i.HAL_GPIO_Init                          0x0800134c   Section        0  stm32g0xx_hal_gpio.o(i.HAL_GPIO_Init)
    i.HAL_GetTick                            0x080014a8   Section        0  stm32g0xx_hal.o(i.HAL_GetTick)
    i.HAL_IWDG_Init                          0x080014b4   Section        0  stm32g0xx_hal_iwdg.o(i.HAL_IWDG_Init)
    i.HAL_IWDG_Refresh                       0x08001520   Section        0  stm32g0xx_hal_iwdg.o(i.HAL_IWDG_Refresh)
    i.HAL_IncTick                            0x08001530   Section        0  stm32g0xx_hal.o(i.HAL_IncTick)
    i.HAL_Init                               0x08001540   Section        0  stm32g0xx_hal.o(i.HAL_Init)
    i.HAL_InitTick                           0x08001568   Section        0  stm32g0xx_hal.o(i.HAL_InitTick)
    i.HAL_MspInit                            0x080015b0   Section        0  stm32g0xx_hal_msp.o(i.HAL_MspInit)
    i.HAL_NVIC_EnableIRQ                     0x080015dc   Section        0  stm32g0xx_hal_cortex.o(i.HAL_NVIC_EnableIRQ)
    i.HAL_NVIC_SetPriority                   0x080015f4   Section        0  stm32g0xx_hal_cortex.o(i.HAL_NVIC_SetPriority)
    i.HAL_PWREx_ControlVoltageScaling        0x080015fc   Section        0  stm32g0xx_hal_pwr_ex.o(i.HAL_PWREx_ControlVoltageScaling)
    i.HAL_RCCEx_PeriphCLKConfig              0x08001648   Section        0  stm32g0xx_hal_rcc_ex.o(i.HAL_RCCEx_PeriphCLKConfig)
    i.HAL_RCC_ClockConfig                    0x08001794   Section        0  stm32g0xx_hal_rcc.o(i.HAL_RCC_ClockConfig)
    i.HAL_RCC_GetPCLK1Freq                   0x080018ec   Section        0  stm32g0xx_hal_rcc.o(i.HAL_RCC_GetPCLK1Freq)
    i.HAL_RCC_GetSysClockFreq                0x08001914   Section        0  stm32g0xx_hal_rcc.o(i.HAL_RCC_GetSysClockFreq)
    i.HAL_RCC_OscConfig                      0x080019a0   Section        0  stm32g0xx_hal_rcc.o(i.HAL_RCC_OscConfig)
    i.HAL_SYSTICK_Config                     0x08001d78   Section        0  stm32g0xx_hal_cortex.o(i.HAL_SYSTICK_Config)
    i.HAL_TIMEx_Break2Callback               0x08001da8   Section        0  stm32g0xx_hal_tim_ex.o(i.HAL_TIMEx_Break2Callback)
    i.HAL_TIMEx_BreakCallback                0x08001daa   Section        0  stm32g0xx_hal_tim_ex.o(i.HAL_TIMEx_BreakCallback)
    i.HAL_TIMEx_CommutCallback               0x08001dac   Section        0  stm32g0xx_hal_tim_ex.o(i.HAL_TIMEx_CommutCallback)
    i.HAL_TIM_Base_Init                      0x08001dae   Section        0  stm32g0xx_hal_tim.o(i.HAL_TIM_Base_Init)
    i.HAL_TIM_Base_MspInit                   0x08001dfc   Section        0  stm32g0xx_hal_msp.o(i.HAL_TIM_Base_MspInit)
    i.HAL_TIM_IC_CaptureCallback             0x08001e5c   Section        0  stm32g0xx_hal_tim.o(i.HAL_TIM_IC_CaptureCallback)
    i.HAL_TIM_IRQHandler                     0x08001e60   Section        0  stm32g0xx_hal_tim.o(i.HAL_TIM_IRQHandler)
    i.HAL_TIM_OC_DelayElapsedCallback        0x08001fe4   Section        0  stm32g0xx_hal_tim.o(i.HAL_TIM_OC_DelayElapsedCallback)
    i.HAL_TIM_PWM_PulseFinishedCallback      0x08001fe6   Section        0  stm32g0xx_hal_tim.o(i.HAL_TIM_PWM_PulseFinishedCallback)
    i.HAL_TIM_PeriodElapsedCallback          0x08001fe8   Section        0  stm32g0xx_hal_tim.o(i.HAL_TIM_PeriodElapsedCallback)
    i.HAL_TIM_TriggerCallback                0x08001fea   Section        0  stm32g0xx_hal_tim.o(i.HAL_TIM_TriggerCallback)
    i.HAL_UARTEx_RxEventCallback             0x08001fec   Section        0  stm32g0xx_hal_uart.o(i.HAL_UARTEx_RxEventCallback)
    i.HAL_UARTEx_RxFifoFullCallback          0x08001fee   Section        0  stm32g0xx_hal_uart_ex.o(i.HAL_UARTEx_RxFifoFullCallback)
    i.HAL_UARTEx_TxFifoEmptyCallback         0x08001ff0   Section        0  stm32g0xx_hal_uart_ex.o(i.HAL_UARTEx_TxFifoEmptyCallback)
    i.HAL_UARTEx_WakeupCallback              0x08001ff2   Section        0  stm32g0xx_hal_uart_ex.o(i.HAL_UARTEx_WakeupCallback)
    i.HAL_UART_ErrorCallback                 0x08001ff4   Section        0  stm32g0xx_hal_uart.o(i.HAL_UART_ErrorCallback)
    i.HAL_UART_IRQHandler                    0x08001ff8   Section        0  stm32g0xx_hal_uart.o(i.HAL_UART_IRQHandler)
    i.HAL_UART_Init                          0x080022e0   Section        0  stm32g0xx_hal_uart.o(i.HAL_UART_Init)
    i.HAL_UART_MspInit                       0x0800234c   Section        0  stm32g0xx_hal_msp.o(i.HAL_UART_MspInit)
    i.HAL_UART_TxCpltCallback                0x080023b8   Section        0  stm32g0xx_hal_uart.o(i.HAL_UART_TxCpltCallback)
    i.HardFault_Handler                      0x080023ba   Section        0  stm32g0xx_it.o(i.HardFault_Handler)
    i.LL_ADC_IsEnabled                       0x080023bc   Section        0  stm32g0xx_hal_adc.o(i.LL_ADC_IsEnabled)
    LL_ADC_IsEnabled                         0x080023bd   Thumb Code     8  stm32g0xx_hal_adc.o(i.LL_ADC_IsEnabled)
    i.LL_ADC_REG_IsConversionOngoing         0x080023c4   Section        0  stm32g0xx_hal_adc.o(i.LL_ADC_REG_IsConversionOngoing)
    LL_ADC_REG_IsConversionOngoing           0x080023c5   Thumb Code     8  stm32g0xx_hal_adc.o(i.LL_ADC_REG_IsConversionOngoing)
    i.LL_ADC_REG_IsTriggerSourceSWStart      0x080023cc   Section        0  stm32g0xx_hal_adc.o(i.LL_ADC_REG_IsTriggerSourceSWStart)
    LL_ADC_REG_IsTriggerSourceSWStart        0x080023cd   Thumb Code    16  stm32g0xx_hal_adc.o(i.LL_ADC_REG_IsTriggerSourceSWStart)
    i.LL_ADC_SetCommonPathInternalCh         0x080023dc   Section        0  stm32g0xx_hal_adc.o(i.LL_ADC_SetCommonPathInternalCh)
    LL_ADC_SetCommonPathInternalCh           0x080023dd   Thumb Code    14  stm32g0xx_hal_adc.o(i.LL_ADC_SetCommonPathInternalCh)
    i.LL_ADC_SetSamplingTimeCommonChannels   0x080023ea   Section        0  stm32g0xx_hal_adc.o(i.LL_ADC_SetSamplingTimeCommonChannels)
    LL_ADC_SetSamplingTimeCommonChannels     0x080023eb   Thumb Code    22  stm32g0xx_hal_adc.o(i.LL_ADC_SetSamplingTimeCommonChannels)
    i.MBSendData                             0x08002400   Section        0  main.o(i.MBSendData)
    i.MX_ADC1_Init                           0x08002420   Section        0  main.o(i.MX_ADC1_Init)
    MX_ADC1_Init                             0x08002421   Thumb Code    98  main.o(i.MX_ADC1_Init)
    i.MX_USART2_UART_Init                    0x08002490   Section        0  main.o(i.MX_USART2_UART_Init)
    MX_USART2_UART_Init                      0x08002491   Thumb Code    58  main.o(i.MX_USART2_UART_Init)
    i.NMEA_checkSum                          0x080024d4   Section        0  main.o(i.NMEA_checkSum)
    NMEA_checkSum                            0x080024d5   Thumb Code    22  main.o(i.NMEA_checkSum)
    i.NMI_Handler                            0x080024ea   Section        0  stm32g0xx_it.o(i.NMI_Handler)
    i.PendSV_Handler                         0x080024ec   Section        0  stm32g0xx_it.o(i.PendSV_Handler)
    i.Queue_Init                             0x080024ee   Section        0  driver_queue.o(i.Queue_Init)
    i.Queue_read                             0x080024fa   Section        0  driver_queue.o(i.Queue_read)
    i.Queue_wirte                            0x08002524   Section        0  driver_queue.o(i.Queue_wirte)
    i.SVC_Handler                            0x08002564   Section        0  stm32g0xx_it.o(i.SVC_Handler)
    i.SysTick_Handler                        0x08002566   Section        0  stm32g0xx_it.o(i.SysTick_Handler)
    i.SystemClock_Config                     0x0800256e   Section        0  main.o(i.SystemClock_Config)
    i.SystemInit                             0x080025ce   Section        0  system_stm32g0xx.o(i.SystemInit)
    i.TIM16_IRQHandler                       0x080025d0   Section        0  stm32g0xx_it.o(i.TIM16_IRQHandler)
    i.TIM17_IRQHandler                       0x080025e0   Section        0  stm32g0xx_it.o(i.TIM17_IRQHandler)
    i.TIM_Base_SetConfig                     0x080025f0   Section        0  stm32g0xx_hal_tim.o(i.TIM_Base_SetConfig)
    i.UART_AdvFeatureConfig                  0x08002668   Section        0  stm32g0xx_hal_uart.o(i.UART_AdvFeatureConfig)
    i.UART_CheckIdleState                    0x08002734   Section        0  stm32g0xx_hal_uart.o(i.UART_CheckIdleState)
    i.UART_DMAAbortOnError                   0x08002798   Section        0  stm32g0xx_hal_uart.o(i.UART_DMAAbortOnError)
    UART_DMAAbortOnError                     0x08002799   Thumb Code    20  stm32g0xx_hal_uart.o(i.UART_DMAAbortOnError)
    i.UART_EndRxTransfer                     0x080027ac   Section        0  stm32g0xx_hal_uart.o(i.UART_EndRxTransfer)
    UART_EndRxTransfer                       0x080027ad   Thumb Code    96  stm32g0xx_hal_uart.o(i.UART_EndRxTransfer)
    i.UART_SetConfig                         0x08002810   Section        0  stm32g0xx_hal_uart.o(i.UART_SetConfig)
    i.UART_WaitOnFlagUntilTimeout            0x08002978   Section        0  stm32g0xx_hal_uart.o(i.UART_WaitOnFlagUntilTimeout)
    i.USART2_IRQHandler                      0x08002a4c   Section        0  stm32g0xx_it.o(i.USART2_IRQHandler)
    i.__0printf$5                            0x08002a78   Section        0  printf5.o(i.__0printf$5)
    i.__0sprintf$5                           0x08002a98   Section        0  printf5.o(i.__0sprintf$5)
    i.__ARM_clz                              0x08002ac0   Section        0  depilogue.o(i.__ARM_clz)
    i.__NVIC_SetPriority                     0x08002af0   Section        0  stm32g0xx_hal_cortex.o(i.__NVIC_SetPriority)
    __NVIC_SetPriority                       0x08002af1   Thumb Code    60  stm32g0xx_hal_cortex.o(i.__NVIC_SetPriority)
    i.__aeabi_errno_addr                     0x08002b34   Section        0  errno.o(i.__aeabi_errno_addr)
    i.__kernel_poly                          0x08002b3c   Section        0  poly.o(i.__kernel_poly)
    i.__mathlib_dbl_divzero                  0x08002be8   Section        0  dunder.o(i.__mathlib_dbl_divzero)
    i.__mathlib_dbl_infnan                   0x08002bfc   Section        0  dunder.o(i.__mathlib_dbl_infnan)
    i.__mathlib_dbl_invalid                  0x08002c06   Section        0  dunder.o(i.__mathlib_dbl_invalid)
    i.__scatterload_copy                     0x08002c16   Section       14  handlers.o(i.__scatterload_copy)
    i.__scatterload_null                     0x08002c24   Section        2  handlers.o(i.__scatterload_null)
    i.__scatterload_zeroinit                 0x08002c26   Section       14  handlers.o(i.__scatterload_zeroinit)
    i.__set_errno                            0x08002c34   Section        0  errno.o(i.__set_errno)
    i._printf_core                           0x08002c40   Section        0  printf5.o(i._printf_core)
    _printf_core                             0x08002c41   Thumb Code   680  printf5.o(i._printf_core)
    i._sputc                                 0x08002f14   Section        0  printf5.o(i._sputc)
    _sputc                                   0x08002f15   Thumb Code    10  printf5.o(i._sputc)
    i.fputc                                  0x08002f20   Section        0  main.o(i.fputc)
    i.log                                    0x08002f34   Section        0  log.o(i.log)
    i.main                                   0x08003288   Section        0  main.o(i.main)
    i.temp_cal                               0x080033b8   Section        0  main.o(i.temp_cal)
    .constdata                               0x080034ec   Section       24  stm32g0xx_hal_uart.o(.constdata)
    .constdata                               0x08003504   Section       64  system_stm32g0xx.o(.constdata)
    .constdata                               0x08003544   Section       32  system_stm32g0xx.o(.constdata)
    .constdata                               0x08003568   Section       56  log.o(.constdata)
    Lg2                                      0x08003568   Data          24  log.o(.constdata)
    Lg                                       0x08003580   Data          32  log.o(.constdata)
    .constdata                               0x080035a0   Section        8  qnan.o(.constdata)
    .constdata                               0x080035a8   Section      129  ctype_o.o(.constdata)
    .constdata                               0x0800362c   Section        4  ctype_o.o(.constdata)
    table                                    0x0800362c   Data           4  ctype_o.o(.constdata)
    .conststring                             0x08003630   Section       87  main.o(.conststring)
    .data                                    0x20000000   Section      152  main.o(.data)
    count                                    0x20000001   Data           1  main.o(.data)
    checkavr                                 0x20000002   Data           1  main.o(.data)
    RS_OK                                    0x20000005   Data           1  main.o(.data)
    Size_buff                                0x20000008   Data           2  main.o(.data)
    counter                                  0x2000000c   Data           4  main.o(.data)
    timout0                                  0x20000010   Data           4  main.o(.data)
    timout1                                  0x20000014   Data           4  main.o(.data)
    timout2                                  0x20000018   Data           4  main.o(.data)
    timout3                                  0x2000001c   Data           4  main.o(.data)
    voltage                                  0x20000020   Data           8  main.o(.data)
    temperatureK                             0x20000028   Data           8  main.o(.data)
    temperatureC                             0x20000030   Data           8  main.o(.data)
    thermistorResistor                       0x20000038   Data           8  main.o(.data)
    info                                     0x20000040   Data          88  main.o(.data)
    .data                                    0x20000098   Section        1  stm32g0xx_it.o(.data)
    .data                                    0x2000009c   Section       12  stm32g0xx_hal.o(.data)
    .data                                    0x200000a8   Section        4  system_stm32g0xx.o(.data)
    .data                                    0x200000ac   Section        4  stdout.o(.data)
    .data                                    0x200000b0   Section        4  errno.o(.data)
    _errno                                   0x200000b0   Data           4  errno.o(.data)
    .bss                                     0x200000b4   Section     2248  main.o(.bss)
    temp                                     0x200001b4   Data        1024  main.o(.bss)
    nsec                                     0x200005b4   Data         256  main.o(.bss)
    STACK                                    0x20000980   Section     1024  startup_stm32g030xx.o(STACK)

    Global Symbols

    Symbol Name                              Value     Ov Type        Size  Object(Section)

    BuildAttributes$$THM_ISAv3M$S$PE$A:L22$X:L11$S22$IEEE1$IW$USESV6$~STKCKD$USESV7$~SHL$OTIME$ROPI$IEEEX$EBA8$MICROLIB$REQ8$PRES8$EABIv2 0x00000000   Number         0  anon$$obj.o ABSOLUTE
    __ARM_use_no_argv                        0x00000000   Number         0  main.o ABSOLUTE
    _printf_a                                0x00000000   Number         0  stubs.o ABSOLUTE
    _printf_c                                0x00000000   Number         0  stubs.o ABSOLUTE
    _printf_charcount                        0x00000000   Number         0  stubs.o ABSOLUTE
    _printf_d                                0x00000000   Number         0  stubs.o ABSOLUTE
    _printf_e                                0x00000000   Number         0  stubs.o ABSOLUTE
    _printf_f                                0x00000000   Number         0  stubs.o ABSOLUTE
    _printf_flags                            0x00000000   Number         0  stubs.o ABSOLUTE
    _printf_fp_dec                           0x00000000   Number         0  stubs.o ABSOLUTE
    _printf_fp_hex                           0x00000000   Number         0  stubs.o ABSOLUTE
    _printf_g                                0x00000000   Number         0  stubs.o ABSOLUTE
    _printf_i                                0x00000000   Number         0  stubs.o ABSOLUTE
    _printf_int_dec                          0x00000000   Number         0  stubs.o ABSOLUTE
    _printf_l                                0x00000000   Number         0  stubs.o ABSOLUTE
    _printf_lc                               0x00000000   Number         0  stubs.o ABSOLUTE
    _printf_ll                               0x00000000   Number         0  stubs.o ABSOLUTE
    _printf_lld                              0x00000000   Number         0  stubs.o ABSOLUTE
    _printf_lli                              0x00000000   Number         0  stubs.o ABSOLUTE
    _printf_llo                              0x00000000   Number         0  stubs.o ABSOLUTE
    _printf_llu                              0x00000000   Number         0  stubs.o ABSOLUTE
    _printf_llx                              0x00000000   Number         0  stubs.o ABSOLUTE
    _printf_longlong_dec                     0x00000000   Number         0  stubs.o ABSOLUTE
    _printf_longlong_hex                     0x00000000   Number         0  stubs.o ABSOLUTE
    _printf_longlong_oct                     0x00000000   Number         0  stubs.o ABSOLUTE
    _printf_ls                               0x00000000   Number         0  stubs.o ABSOLUTE
    _printf_mbtowc                           0x00000000   Number         0  stubs.o ABSOLUTE
    _printf_n                                0x00000000   Number         0  stubs.o ABSOLUTE
    _printf_o                                0x00000000   Number         0  stubs.o ABSOLUTE
    _printf_p                                0x00000000   Number         0  stubs.o ABSOLUTE
    _printf_percent                          0x00000000   Number         0  stubs.o ABSOLUTE
    _printf_pre_padding                      0x00000000   Number         0  stubs.o ABSOLUTE
    _printf_return_value                     0x00000000   Number         0  stubs.o ABSOLUTE
    _printf_s                                0x00000000   Number         0  stubs.o ABSOLUTE
    _printf_sizespec                         0x00000000   Number         0  stubs.o ABSOLUTE
    _printf_str                              0x00000000   Number         0  stubs.o ABSOLUTE
    _printf_truncate_signed                  0x00000000   Number         0  stubs.o ABSOLUTE
    _printf_truncate_unsigned                0x00000000   Number         0  stubs.o ABSOLUTE
    _printf_u                                0x00000000   Number         0  stubs.o ABSOLUTE
    _printf_wc                               0x00000000   Number         0  stubs.o ABSOLUTE
    _printf_wctomb                           0x00000000   Number         0  stubs.o ABSOLUTE
    _printf_widthprec                        0x00000000   Number         0  stubs.o ABSOLUTE
    _printf_x                                0x00000000   Number         0  stubs.o ABSOLUTE
    __arm_fini_                               - Undefined Weak Reference
    __cpp_initialize__aeabi_                  - Undefined Weak Reference
    __cxa_finalize                            - Undefined Weak Reference
    __decompress                              - Undefined Weak Reference
    _clock_init                               - Undefined Weak Reference
    _microlib_exit                            - Undefined Weak Reference
    __Vectors_Size                           0x000000c0   Number         0  startup_stm32g030xx.o ABSOLUTE
    __Vectors                                0x08000000   Data           4  startup_stm32g030xx.o(RESET)
    __Vectors_End                            0x080000c0   Data           0  startup_stm32g030xx.o(RESET)
    __main                                   0x080000c1   Thumb Code     0  entry.o(.ARM.Collect$$$$00000000)
    _main_stk                                0x080000c1   Thumb Code     0  entry2.o(.ARM.Collect$$$$00000001)
    _main_scatterload                        0x080000c5   Thumb Code     0  entry5.o(.ARM.Collect$$$$00000004)
    __main_after_scatterload                 0x080000c9   Thumb Code     0  entry5.o(.ARM.Collect$$$$00000004)
    _main_clock                              0x080000c9   Thumb Code     0  entry7b.o(.ARM.Collect$$$$00000008)
    _main_cpp_init                           0x080000c9   Thumb Code     0  entry8b.o(.ARM.Collect$$$$0000000A)
    _main_init                               0x080000c9   Thumb Code     0  entry9a.o(.ARM.Collect$$$$0000000B)
    __rt_lib_shutdown_fini                   0x080000d1   Thumb Code     0  entry12b.o(.ARM.Collect$$$$0000000E)
    __rt_final_cpp                           0x080000d5   Thumb Code     0  entry10a.o(.ARM.Collect$$$$0000000F)
    __rt_final_exit                          0x080000d5   Thumb Code     0  entry11a.o(.ARM.Collect$$$$00000011)
    Reset_Handler                            0x080000d9   Thumb Code     8  startup_stm32g030xx.o(.text)
    DMA1_Ch4_5_DMAMUX1_OVR_IRQHandler        0x080000eb   Thumb Code     0  startup_stm32g030xx.o(.text)
    DMA1_Channel1_IRQHandler                 0x080000eb   Thumb Code     0  startup_stm32g030xx.o(.text)
    DMA1_Channel2_3_IRQHandler               0x080000eb   Thumb Code     0  startup_stm32g030xx.o(.text)
    EXTI0_1_IRQHandler                       0x080000eb   Thumb Code     0  startup_stm32g030xx.o(.text)
    EXTI2_3_IRQHandler                       0x080000eb   Thumb Code     0  startup_stm32g030xx.o(.text)
    EXTI4_15_IRQHandler                      0x080000eb   Thumb Code     0  startup_stm32g030xx.o(.text)
    FLASH_IRQHandler                         0x080000eb   Thumb Code     0  startup_stm32g030xx.o(.text)
    I2C1_IRQHandler                          0x080000eb   Thumb Code     0  startup_stm32g030xx.o(.text)
    I2C2_IRQHandler                          0x080000eb   Thumb Code     0  startup_stm32g030xx.o(.text)
    RCC_IRQHandler                           0x080000eb   Thumb Code     0  startup_stm32g030xx.o(.text)
    RTC_TAMP_IRQHandler                      0x080000eb   Thumb Code     0  startup_stm32g030xx.o(.text)
    SPI1_IRQHandler                          0x080000eb   Thumb Code     0  startup_stm32g030xx.o(.text)
    SPI2_IRQHandler                          0x080000eb   Thumb Code     0  startup_stm32g030xx.o(.text)
    TIM14_IRQHandler                         0x080000eb   Thumb Code     0  startup_stm32g030xx.o(.text)
    TIM1_BRK_UP_TRG_COM_IRQHandler           0x080000eb   Thumb Code     0  startup_stm32g030xx.o(.text)
    TIM1_CC_IRQHandler                       0x080000eb   Thumb Code     0  startup_stm32g030xx.o(.text)
    TIM3_IRQHandler                          0x080000eb   Thumb Code     0  startup_stm32g030xx.o(.text)
    USART1_IRQHandler                        0x080000eb   Thumb Code     0  startup_stm32g030xx.o(.text)
    WWDG_IRQHandler                          0x080000eb   Thumb Code     0  startup_stm32g030xx.o(.text)
    __aeabi_uidiv                            0x080000f5   Thumb Code     0  uidiv.o(.text)
    __aeabi_uidivmod                         0x080000f5   Thumb Code    44  uidiv.o(.text)
    __aeabi_idiv                             0x08000121   Thumb Code     0  idiv.o(.text)
    __aeabi_idivmod                          0x08000121   Thumb Code    40  idiv.o(.text)
    __aeabi_memcpy                           0x08000149   Thumb Code    36  memcpya.o(.text)
    __aeabi_memcpy4                          0x08000149   Thumb Code     0  memcpya.o(.text)
    __aeabi_memcpy8                          0x08000149   Thumb Code     0  memcpya.o(.text)
    __aeabi_memset                           0x0800016d   Thumb Code    14  memseta.o(.text)
    __aeabi_memset4                          0x0800016d   Thumb Code     0  memseta.o(.text)
    __aeabi_memset8                          0x0800016d   Thumb Code     0  memseta.o(.text)
    __aeabi_memclr                           0x0800017b   Thumb Code     4  memseta.o(.text)
    __aeabi_memclr4                          0x0800017b   Thumb Code     0  memseta.o(.text)
    __aeabi_memclr8                          0x0800017b   Thumb Code     0  memseta.o(.text)
    _memset$wrapper                          0x0800017f   Thumb Code    18  memseta.o(.text)
    strlen                                   0x08000191   Thumb Code    14  strlen.o(.text)
    strncmp                                  0x0800019f   Thumb Code    30  strncmp.o(.text)
    atoi                                     0x080001bd   Thumb Code    26  atoi.o(.text)
    __aeabi_dadd                             0x080001d9   Thumb Code   330  dadd.o(.text)
    __aeabi_dsub                             0x08000323   Thumb Code    12  dadd.o(.text)
    __aeabi_drsub                            0x0800032f   Thumb Code    12  dadd.o(.text)
    __aeabi_dmul                             0x08000341   Thumb Code   202  dmul.o(.text)
    __aeabi_ddiv                             0x08000411   Thumb Code   234  ddiv.o(.text)
    __aeabi_ui2d                             0x08000501   Thumb Code    24  dfltui.o(.text)
    __aeabi_d2iz                             0x0800051d   Thumb Code    62  dfixi.o(.text)
    __aeabi_cdcmpeq                          0x08000565   Thumb Code     0  cdcmple.o(.text)
    __aeabi_cdcmple                          0x08000565   Thumb Code    38  cdcmple.o(.text)
    __aeabi_cdrcmple                         0x0800058d   Thumb Code    38  cdrcmple.o(.text)
    __aeabi_uldivmod                         0x080005b5   Thumb Code    96  uldiv.o(.text)
    __aeabi_llsl                             0x08000615   Thumb Code    32  llshl.o(.text)
    _ll_shift_l                              0x08000615   Thumb Code     0  llshl.o(.text)
    __aeabi_llsr                             0x08000635   Thumb Code    34  llushr.o(.text)
    _ll_ushift_r                             0x08000635   Thumb Code     0  llushr.o(.text)
    __aeabi_lasr                             0x08000657   Thumb Code    38  llsshr.o(.text)
    _ll_sshift_r                             0x08000657   Thumb Code     0  llsshr.o(.text)
    strtol                                   0x0800067d   Thumb Code   108  strtol.o(.text)
    __I$use$fp                               0x080006ed   Thumb Code     0  iusefp.o(.text)
    _double_round                            0x080006ed   Thumb Code    26  depilogue.o(.text)
    _double_epilogue                         0x08000707   Thumb Code   164  depilogue.o(.text)
    __ARM_scalbn                             0x080007ab   Thumb Code    44  dscalb.o(.text)
    scalbn                                   0x080007ab   Thumb Code     0  dscalb.o(.text)
    __aeabi_i2d                              0x080007d9   Thumb Code    34  dflti.o(.text)
    __scatterload                            0x08000801   Thumb Code    28  init.o(.text)
    __scatterload_rt2                        0x08000801   Thumb Code     0  init.o(.text)
    __rt_ctype_table                         0x08000825   Thumb Code     4  ctype_o.o(.text)
    _strtoul                                 0x0800082d   Thumb Code   166  _strtoul.o(.text)
    _chval                                   0x080008d3   Thumb Code    30  _chval.o(.text)
    ADC1_IRQHandler                          0x080008f1   Thumb Code    10  stm32g0xx_it.o(i.ADC1_IRQHandler)
    ADC_GetVal                               0x08000901   Thumb Code     8  thermistor.o(i.ADC_GetVal)
    ADC_Start                                0x0800090d   Thumb Code    22  thermistor.o(i.ADC_Start)
    ADC_WaitForConv                          0x08000929   Thumb Code    10  thermistor.o(i.ADC_WaitForConv)
    Data_process                             0x08000939   Thumb Code   578  main.o(i.Data_process)
    Error_Handler                            0x08000c05   Thumb Code     4  main.o(i.Error_Handler)
    HAL_ADCEx_ChannelConfigReadyCallback     0x08000c09   Thumb Code     2  stm32g0xx_hal_adc_ex.o(i.HAL_ADCEx_ChannelConfigReadyCallback)
    HAL_ADCEx_EndOfSamplingCallback          0x08000c0b   Thumb Code     2  stm32g0xx_hal_adc_ex.o(i.HAL_ADCEx_EndOfSamplingCallback)
    HAL_ADCEx_LevelOutOfWindow2Callback      0x08000c0d   Thumb Code     2  stm32g0xx_hal_adc_ex.o(i.HAL_ADCEx_LevelOutOfWindow2Callback)
    HAL_ADCEx_LevelOutOfWindow3Callback      0x08000c0f   Thumb Code     2  stm32g0xx_hal_adc_ex.o(i.HAL_ADCEx_LevelOutOfWindow3Callback)
    HAL_ADC_ConfigChannel                    0x08000c11   Thumb Code   522  stm32g0xx_hal_adc.o(i.HAL_ADC_ConfigChannel)
    HAL_ADC_ConvCpltCallback                 0x08000e35   Thumb Code     2  stm32g0xx_hal_adc.o(i.HAL_ADC_ConvCpltCallback)
    HAL_ADC_ErrorCallback                    0x08000e37   Thumb Code     2  stm32g0xx_hal_adc.o(i.HAL_ADC_ErrorCallback)
    HAL_ADC_IRQHandler                       0x08000e39   Thumb Code   330  stm32g0xx_hal_adc.o(i.HAL_ADC_IRQHandler)
    HAL_ADC_Init                             0x08000f89   Thumb Code   514  stm32g0xx_hal_adc.o(i.HAL_ADC_Init)
    HAL_ADC_LevelOutOfWindowCallback         0x080011a9   Thumb Code     2  stm32g0xx_hal_adc.o(i.HAL_ADC_LevelOutOfWindowCallback)
    HAL_ADC_MspInit                          0x080011ad   Thumb Code   128  stm32g0xx_hal_msp.o(i.HAL_ADC_MspInit)
    HAL_DMA_Abort                            0x08001239   Thumb Code   112  stm32g0xx_hal_dma.o(i.HAL_DMA_Abort)
    HAL_DMA_Abort_IT                         0x080012ad   Thumb Code   118  stm32g0xx_hal_dma.o(i.HAL_DMA_Abort_IT)
    HAL_Delay                                0x08001329   Thumb Code    32  stm32g0xx_hal.o(i.HAL_Delay)
    HAL_GPIO_Init                            0x0800134d   Thumb Code   330  stm32g0xx_hal_gpio.o(i.HAL_GPIO_Init)
    HAL_GetTick                              0x080014a9   Thumb Code     6  stm32g0xx_hal.o(i.HAL_GetTick)
    HAL_IWDG_Init                            0x080014b5   Thumb Code    94  stm32g0xx_hal_iwdg.o(i.HAL_IWDG_Init)
    HAL_IWDG_Refresh                         0x08001521   Thumb Code    10  stm32g0xx_hal_iwdg.o(i.HAL_IWDG_Refresh)
    HAL_IncTick                              0x08001531   Thumb Code    12  stm32g0xx_hal.o(i.HAL_IncTick)
    HAL_Init                                 0x08001541   Thumb Code    36  stm32g0xx_hal.o(i.HAL_Init)
    HAL_InitTick                             0x08001569   Thumb Code    64  stm32g0xx_hal.o(i.HAL_InitTick)
    HAL_MspInit                              0x080015b1   Thumb Code    38  stm32g0xx_hal_msp.o(i.HAL_MspInit)
    HAL_NVIC_EnableIRQ                       0x080015dd   Thumb Code    18  stm32g0xx_hal_cortex.o(i.HAL_NVIC_EnableIRQ)
    HAL_NVIC_SetPriority                     0x080015f5   Thumb Code     8  stm32g0xx_hal_cortex.o(i.HAL_NVIC_SetPriority)
    HAL_PWREx_ControlVoltageScaling          0x080015fd   Thumb Code    62  stm32g0xx_hal_pwr_ex.o(i.HAL_PWREx_ControlVoltageScaling)
    HAL_RCCEx_PeriphCLKConfig                0x08001649   Thumb Code   320  stm32g0xx_hal_rcc_ex.o(i.HAL_RCCEx_PeriphCLKConfig)
    HAL_RCC_ClockConfig                      0x08001795   Thumb Code   318  stm32g0xx_hal_rcc.o(i.HAL_RCC_ClockConfig)
    HAL_RCC_GetPCLK1Freq                     0x080018ed   Thumb Code    26  stm32g0xx_hal_rcc.o(i.HAL_RCC_GetPCLK1Freq)
    HAL_RCC_GetSysClockFreq                  0x08001915   Thumb Code   130  stm32g0xx_hal_rcc.o(i.HAL_RCC_GetSysClockFreq)
    HAL_RCC_OscConfig                        0x080019a1   Thumb Code   946  stm32g0xx_hal_rcc.o(i.HAL_RCC_OscConfig)
    HAL_SYSTICK_Config                       0x08001d79   Thumb Code    38  stm32g0xx_hal_cortex.o(i.HAL_SYSTICK_Config)
    HAL_TIMEx_Break2Callback                 0x08001da9   Thumb Code     2  stm32g0xx_hal_tim_ex.o(i.HAL_TIMEx_Break2Callback)
    HAL_TIMEx_BreakCallback                  0x08001dab   Thumb Code     2  stm32g0xx_hal_tim_ex.o(i.HAL_TIMEx_BreakCallback)
    HAL_TIMEx_CommutCallback                 0x08001dad   Thumb Code     2  stm32g0xx_hal_tim_ex.o(i.HAL_TIMEx_CommutCallback)
    HAL_TIM_Base_Init                        0x08001daf   Thumb Code    76  stm32g0xx_hal_tim.o(i.HAL_TIM_Base_Init)
    HAL_TIM_Base_MspInit                     0x08001dfd   Thumb Code    82  stm32g0xx_hal_msp.o(i.HAL_TIM_Base_MspInit)
    HAL_TIM_IC_CaptureCallback               0x08001e5d   Thumb Code     2  stm32g0xx_hal_tim.o(i.HAL_TIM_IC_CaptureCallback)
    HAL_TIM_IRQHandler                       0x08001e61   Thumb Code   382  stm32g0xx_hal_tim.o(i.HAL_TIM_IRQHandler)
    HAL_TIM_OC_DelayElapsedCallback          0x08001fe5   Thumb Code     2  stm32g0xx_hal_tim.o(i.HAL_TIM_OC_DelayElapsedCallback)
    HAL_TIM_PWM_PulseFinishedCallback        0x08001fe7   Thumb Code     2  stm32g0xx_hal_tim.o(i.HAL_TIM_PWM_PulseFinishedCallback)
    HAL_TIM_PeriodElapsedCallback            0x08001fe9   Thumb Code     2  stm32g0xx_hal_tim.o(i.HAL_TIM_PeriodElapsedCallback)
    HAL_TIM_TriggerCallback                  0x08001feb   Thumb Code     2  stm32g0xx_hal_tim.o(i.HAL_TIM_TriggerCallback)
    HAL_UARTEx_RxEventCallback               0x08001fed   Thumb Code     2  stm32g0xx_hal_uart.o(i.HAL_UARTEx_RxEventCallback)
    HAL_UARTEx_RxFifoFullCallback            0x08001fef   Thumb Code     2  stm32g0xx_hal_uart_ex.o(i.HAL_UARTEx_RxFifoFullCallback)
    HAL_UARTEx_TxFifoEmptyCallback           0x08001ff1   Thumb Code     2  stm32g0xx_hal_uart_ex.o(i.HAL_UARTEx_TxFifoEmptyCallback)
    HAL_UARTEx_WakeupCallback                0x08001ff3   Thumb Code     2  stm32g0xx_hal_uart_ex.o(i.HAL_UARTEx_WakeupCallback)
    HAL_UART_ErrorCallback                   0x08001ff5   Thumb Code     2  stm32g0xx_hal_uart.o(i.HAL_UART_ErrorCallback)
    HAL_UART_IRQHandler                      0x08001ff9   Thumb Code   726  stm32g0xx_hal_uart.o(i.HAL_UART_IRQHandler)
    HAL_UART_Init                            0x080022e1   Thumb Code   108  stm32g0xx_hal_uart.o(i.HAL_UART_Init)
    HAL_UART_MspInit                         0x0800234d   Thumb Code   100  stm32g0xx_hal_msp.o(i.HAL_UART_MspInit)
    HAL_UART_TxCpltCallback                  0x080023b9   Thumb Code     2  stm32g0xx_hal_uart.o(i.HAL_UART_TxCpltCallback)
    HardFault_Handler                        0x080023bb   Thumb Code     2  stm32g0xx_it.o(i.HardFault_Handler)
    MBSendData                               0x08002401   Thumb Code    28  main.o(i.MBSendData)
    NMI_Handler                              0x080024eb   Thumb Code     2  stm32g0xx_it.o(i.NMI_Handler)
    PendSV_Handler                           0x080024ed   Thumb Code     2  stm32g0xx_it.o(i.PendSV_Handler)
    Queue_Init                               0x080024ef   Thumb Code    12  driver_queue.o(i.Queue_Init)
    Queue_read                               0x080024fb   Thumb Code    42  driver_queue.o(i.Queue_read)
    Queue_wirte                              0x08002525   Thumb Code    64  driver_queue.o(i.Queue_wirte)
    SVC_Handler                              0x08002565   Thumb Code     2  stm32g0xx_it.o(i.SVC_Handler)
    SysTick_Handler                          0x08002567   Thumb Code     8  stm32g0xx_it.o(i.SysTick_Handler)
    SystemClock_Config                       0x0800256f   Thumb Code    96  main.o(i.SystemClock_Config)
    SystemInit                               0x080025cf   Thumb Code     2  system_stm32g0xx.o(i.SystemInit)
    TIM16_IRQHandler                         0x080025d1   Thumb Code    10  stm32g0xx_it.o(i.TIM16_IRQHandler)
    TIM17_IRQHandler                         0x080025e1   Thumb Code    10  stm32g0xx_it.o(i.TIM17_IRQHandler)
    TIM_Base_SetConfig                       0x080025f1   Thumb Code   100  stm32g0xx_hal_tim.o(i.TIM_Base_SetConfig)
    UART_AdvFeatureConfig                    0x08002669   Thumb Code   202  stm32g0xx_hal_uart.o(i.UART_AdvFeatureConfig)
    UART_CheckIdleState                      0x08002735   Thumb Code    94  stm32g0xx_hal_uart.o(i.UART_CheckIdleState)
    UART_SetConfig                           0x08002811   Thumb Code   326  stm32g0xx_hal_uart.o(i.UART_SetConfig)
    UART_WaitOnFlagUntilTimeout              0x08002979   Thumb Code   210  stm32g0xx_hal_uart.o(i.UART_WaitOnFlagUntilTimeout)
    USART2_IRQHandler                        0x08002a4d   Thumb Code    26  stm32g0xx_it.o(i.USART2_IRQHandler)
    __0printf$5                              0x08002a79   Thumb Code    24  printf5.o(i.__0printf$5)
    __1printf$5                              0x08002a79   Thumb Code     0  printf5.o(i.__0printf$5)
    __2printf                                0x08002a79   Thumb Code     0  printf5.o(i.__0printf$5)
    __0sprintf$5                             0x08002a99   Thumb Code    36  printf5.o(i.__0sprintf$5)
    __1sprintf$5                             0x08002a99   Thumb Code     0  printf5.o(i.__0sprintf$5)
    __2sprintf                               0x08002a99   Thumb Code     0  printf5.o(i.__0sprintf$5)
    __ARM_clz                                0x08002ac1   Thumb Code    46  depilogue.o(i.__ARM_clz)
    __aeabi_errno_addr                       0x08002b35   Thumb Code     4  errno.o(i.__aeabi_errno_addr)
    __rt_errno_addr                          0x08002b35   Thumb Code     0  errno.o(i.__aeabi_errno_addr)
    __kernel_poly                            0x08002b3d   Thumb Code   172  poly.o(i.__kernel_poly)
    __mathlib_dbl_divzero                    0x08002be9   Thumb Code    16  dunder.o(i.__mathlib_dbl_divzero)
    __mathlib_dbl_infnan                     0x08002bfd   Thumb Code    10  dunder.o(i.__mathlib_dbl_infnan)
    __mathlib_dbl_invalid                    0x08002c07   Thumb Code    16  dunder.o(i.__mathlib_dbl_invalid)
    __scatterload_copy                       0x08002c17   Thumb Code    14  handlers.o(i.__scatterload_copy)
    __scatterload_null                       0x08002c25   Thumb Code     2  handlers.o(i.__scatterload_null)
    __scatterload_zeroinit                   0x08002c27   Thumb Code    14  handlers.o(i.__scatterload_zeroinit)
    __set_errno                              0x08002c35   Thumb Code     6  errno.o(i.__set_errno)
    fputc                                    0x08002f21   Thumb Code    14  main.o(i.fputc)
    log                                      0x08002f35   Thumb Code   790  log.o(i.log)
    main                                     0x08003289   Thumb Code   246  main.o(i.main)
    temp_cal                                 0x080033b9   Thumb Code   252  main.o(i.temp_cal)
    UARTPrescTable                           0x080034ec   Data          24  stm32g0xx_hal_uart.o(.constdata)
    AHBPrescTable                            0x08003504   Data          64  system_stm32g0xx.o(.constdata)
    APBPrescTable                            0x08003544   Data          32  system_stm32g0xx.o(.constdata)
    __mathlib_zero                           0x080035a0   Data           8  qnan.o(.constdata)
    __ctype_table                            0x080035a8   Data         129  ctype_o.o(.constdata)
    Region$$Table$$Base                      0x08003688   Number         0  anon$$obj.o(Region$$Table)
    Region$$Table$$Limit                     0x080036a8   Number         0  anon$$obj.o(Region$$Table)
    DataPos                                  0x20000000   Data           1  main.o(.data)
    flagtest                                 0x20000003   Data           1  main.o(.data)
    error_check                              0x20000004   Data           1  main.o(.data)
    CS                                       0x20000006   Data           1  main.o(.data)
    buffer1                                  0x20000098   Data           1  stm32g0xx_it.o(.data)
    uwTickFreq                               0x2000009c   Data           1  stm32g0xx_hal.o(.data)
    uwTickPrio                               0x200000a0   Data           4  stm32g0xx_hal.o(.data)
    uwTick                                   0x200000a4   Data           4  stm32g0xx_hal.o(.data)
    SystemCoreClock                          0x200000a8   Data           4  system_stm32g0xx.o(.data)
    __stdout                                 0x200000ac   Data           4  stdout.o(.data)
    data_in                                  0x200000b4   Data         256  main.o(.bss)
    str                                      0x200006b4   Data          30  main.o(.bss)
    queue                                    0x200006d4   Data          12  main.o(.bss)
    bufx                                     0x200006e0   Data         256  main.o(.bss)
    hadc1                                    0x200007e0   Data         100  main.o(.bss)
    hiwdg                                    0x20000844   Data          16  main.o(.bss)
    htim16                                   0x20000854   Data          76  main.o(.bss)
    htim17                                   0x200008a0   Data          76  main.o(.bss)
    huart2                                   0x200008ec   Data         144  main.o(.bss)
    __initial_sp                             0x20000d80   Data           0  startup_stm32g030xx.o(STACK)



==============================================================================

Memory Map of the image

  Image Entry point : 0x080000c1

  Load Region LR_IROM1 (Base: 0x08000000, Size: 0x0000375c, Max: 0x00008000, ABSOLUTE)

    Execution Region ER_IROM1 (Exec base: 0x08000000, Load base: 0x08000000, Size: 0x000036a8, Max: 0x00008000, ABSOLUTE)

    Exec Addr    Load Addr    Size         Type   Attr      Idx    E Section Name        Object

    0x08000000   0x08000000   0x000000c0   Data   RO            3    RESET               startup_stm32g030xx.o
    0x080000c0   0x080000c0   0x00000000   Code   RO         3513  * .ARM.Collect$$$$00000000  mc_p.l(entry.o)
    0x080000c0   0x080000c0   0x00000004   Code   RO         3824    .ARM.Collect$$$$00000001  mc_p.l(entry2.o)
    0x080000c4   0x080000c4   0x00000004   Code   RO         3827    .ARM.Collect$$$$00000004  mc_p.l(entry5.o)
    0x080000c8   0x080000c8   0x00000000   Code   RO         3829    .ARM.Collect$$$$00000008  mc_p.l(entry7b.o)
    0x080000c8   0x080000c8   0x00000000   Code   RO         3831    .ARM.Collect$$$$0000000A  mc_p.l(entry8b.o)
    0x080000c8   0x080000c8   0x00000008   Code   RO         3832    .ARM.Collect$$$$0000000B  mc_p.l(entry9a.o)
    0x080000d0   0x080000d0   0x00000004   Code   RO         3839    .ARM.Collect$$$$0000000E  mc_p.l(entry12b.o)
    0x080000d4   0x080000d4   0x00000000   Code   RO         3834    .ARM.Collect$$$$0000000F  mc_p.l(entry10a.o)
    0x080000d4   0x080000d4   0x00000000   Code   RO         3836    .ARM.Collect$$$$00000011  mc_p.l(entry11a.o)
    0x080000d4   0x080000d4   0x00000004   Code   RO         3825    .ARM.Collect$$$$00002712  mc_p.l(entry2.o)
    0x080000d8   0x080000d8   0x0000001c   Code   RO            4    .text               startup_stm32g030xx.o
    0x080000f4   0x080000f4   0x0000002c   Code   RO         3516    .text               mc_p.l(uidiv.o)
    0x08000120   0x08000120   0x00000028   Code   RO         3518    .text               mc_p.l(idiv.o)
    0x08000148   0x08000148   0x00000024   Code   RO         3520    .text               mc_p.l(memcpya.o)
    0x0800016c   0x0800016c   0x00000024   Code   RO         3522    .text               mc_p.l(memseta.o)
    0x08000190   0x08000190   0x0000000e   Code   RO         3524    .text               mc_p.l(strlen.o)
    0x0800019e   0x0800019e   0x0000001e   Code   RO         3526    .text               mc_p.l(strncmp.o)
    0x080001bc   0x080001bc   0x0000001a   Code   RO         3791    .text               mc_p.l(atoi.o)
    0x080001d6   0x080001d6   0x00000002   PAD
    0x080001d8   0x080001d8   0x00000168   Code   RO         3793    .text               mf_p.l(dadd.o)
    0x08000340   0x08000340   0x000000d0   Code   RO         3795    .text               mf_p.l(dmul.o)
    0x08000410   0x08000410   0x000000f0   Code   RO         3797    .text               mf_p.l(ddiv.o)
    0x08000500   0x08000500   0x0000001c   Code   RO         3799    .text               mf_p.l(dfltui.o)
    0x0800051c   0x0800051c   0x00000048   Code   RO         3801    .text               mf_p.l(dfixi.o)
    0x08000564   0x08000564   0x00000028   Code   RO         3803    .text               mf_p.l(cdcmple.o)
    0x0800058c   0x0800058c   0x00000028   Code   RO         3805    .text               mf_p.l(cdrcmple.o)
    0x080005b4   0x080005b4   0x00000060   Code   RO         3841    .text               mc_p.l(uldiv.o)
    0x08000614   0x08000614   0x00000020   Code   RO         3843    .text               mc_p.l(llshl.o)
    0x08000634   0x08000634   0x00000022   Code   RO         3845    .text               mc_p.l(llushr.o)
    0x08000656   0x08000656   0x00000026   Code   RO         3847    .text               mc_p.l(llsshr.o)
    0x0800067c   0x0800067c   0x00000070   Code   RO         3856    .text               mc_p.l(strtol.o)
    0x080006ec   0x080006ec   0x00000000   Code   RO         3858    .text               mc_p.l(iusefp.o)
    0x080006ec   0x080006ec   0x000000be   Code   RO         3859    .text               mf_p.l(depilogue.o)
    0x080007aa   0x080007aa   0x0000002c   Code   RO         3863    .text               mf_p.l(dscalb.o)
    0x080007d6   0x080007d6   0x00000002   PAD
    0x080007d8   0x080007d8   0x00000028   Code   RO         3865    .text               mf_p.l(dflti.o)
    0x08000800   0x08000800   0x00000024   Code   RO         3869    .text               mc_p.l(init.o)
    0x08000824   0x08000824   0x00000008   Code   RO         3871    .text               mc_p.l(ctype_o.o)
    0x0800082c   0x0800082c   0x000000a6   Code   RO         3899    .text               mc_p.l(_strtoul.o)
    0x080008d2   0x080008d2   0x0000001e   Code   RO         3901    .text               mc_p.l(_chval.o)
    0x080008f0   0x080008f0   0x00000010   Code   RO          324    i.ADC1_IRQHandler   stm32g0xx_it.o
    0x08000900   0x08000900   0x0000000c   Code   RO           15    i.ADC_GetVal        thermistor.o
    0x0800090c   0x0800090c   0x0000001c   Code   RO           16    i.ADC_Start         thermistor.o
    0x08000928   0x08000928   0x00000010   Code   RO           17    i.ADC_WaitForConv   thermistor.o
    0x08000938   0x08000938   0x000002cc   Code   RO          222    i.Data_process      main.o
    0x08000c04   0x08000c04   0x00000004   Code   RO          223    i.Error_Handler     main.o
    0x08000c08   0x08000c08   0x00000002   Code   RO          705    i.HAL_ADCEx_ChannelConfigReadyCallback  stm32g0xx_hal_adc_ex.o
    0x08000c0a   0x08000c0a   0x00000002   Code   RO          707    i.HAL_ADCEx_EndOfSamplingCallback  stm32g0xx_hal_adc_ex.o
    0x08000c0c   0x08000c0c   0x00000002   Code   RO          708    i.HAL_ADCEx_LevelOutOfWindow2Callback  stm32g0xx_hal_adc_ex.o
    0x08000c0e   0x08000c0e   0x00000002   Code   RO          709    i.HAL_ADCEx_LevelOutOfWindow3Callback  stm32g0xx_hal_adc_ex.o
    0x08000c10   0x08000c10   0x00000224   Code   RO          497    i.HAL_ADC_ConfigChannel  stm32g0xx_hal_adc.o
    0x08000e34   0x08000e34   0x00000002   Code   RO          498    i.HAL_ADC_ConvCpltCallback  stm32g0xx_hal_adc.o
    0x08000e36   0x08000e36   0x00000002   Code   RO          501    i.HAL_ADC_ErrorCallback  stm32g0xx_hal_adc.o
    0x08000e38   0x08000e38   0x00000150   Code   RO          505    i.HAL_ADC_IRQHandler  stm32g0xx_hal_adc.o
    0x08000f88   0x08000f88   0x00000220   Code   RO          506    i.HAL_ADC_Init      stm32g0xx_hal_adc.o
    0x080011a8   0x080011a8   0x00000002   Code   RO          507    i.HAL_ADC_LevelOutOfWindowCallback  stm32g0xx_hal_adc.o
    0x080011aa   0x080011aa   0x00000002   PAD
    0x080011ac   0x080011ac   0x0000008c   Code   RO          400    i.HAL_ADC_MspInit   stm32g0xx_hal_msp.o
    0x08001238   0x08001238   0x00000074   Code   RO         1193    i.HAL_DMA_Abort     stm32g0xx_hal_dma.o
    0x080012ac   0x080012ac   0x0000007c   Code   RO         1194    i.HAL_DMA_Abort_IT  stm32g0xx_hal_dma.o
    0x08001328   0x08001328   0x00000024   Code   RO         1653    i.HAL_Delay         stm32g0xx_hal.o
    0x0800134c   0x0800134c   0x0000015c   Code   RO         1126    i.HAL_GPIO_Init     stm32g0xx_hal_gpio.o
    0x080014a8   0x080014a8   0x0000000c   Code   RO         1657    i.HAL_GetTick       stm32g0xx_hal.o
    0x080014b4   0x080014b4   0x0000006c   Code   RO         1910    i.HAL_IWDG_Init     stm32g0xx_hal_iwdg.o
    0x08001520   0x08001520   0x00000010   Code   RO         1911    i.HAL_IWDG_Refresh  stm32g0xx_hal_iwdg.o
    0x08001530   0x08001530   0x00000010   Code   RO         1663    i.HAL_IncTick       stm32g0xx_hal.o
    0x08001540   0x08001540   0x00000028   Code   RO         1664    i.HAL_Init          stm32g0xx_hal.o
    0x08001568   0x08001568   0x00000048   Code   RO         1665    i.HAL_InitTick      stm32g0xx_hal.o
    0x080015b0   0x080015b0   0x0000002c   Code   RO          401    i.HAL_MspInit       stm32g0xx_hal_msp.o
    0x080015dc   0x080015dc   0x00000018   Code   RO         1541    i.HAL_NVIC_EnableIRQ  stm32g0xx_hal_cortex.o
    0x080015f4   0x080015f4   0x00000008   Code   RO         1545    i.HAL_NVIC_SetPriority  stm32g0xx_hal_cortex.o
    0x080015fc   0x080015fc   0x0000004c   Code   RO         1426    i.HAL_PWREx_ControlVoltageScaling  stm32g0xx_hal_pwr_ex.o
    0x08001648   0x08001648   0x0000014c   Code   RO          892    i.HAL_RCCEx_PeriphCLKConfig  stm32g0xx_hal_rcc_ex.o
    0x08001794   0x08001794   0x00000158   Code   RO          776    i.HAL_RCC_ClockConfig  stm32g0xx_hal_rcc.o
    0x080018ec   0x080018ec   0x00000028   Code   RO          784    i.HAL_RCC_GetPCLK1Freq  stm32g0xx_hal_rcc.o
    0x08001914   0x08001914   0x0000008c   Code   RO          786    i.HAL_RCC_GetSysClockFreq  stm32g0xx_hal_rcc.o
    0x080019a0   0x080019a0   0x000003d8   Code   RO          790    i.HAL_RCC_OscConfig  stm32g0xx_hal_rcc.o
    0x08001d78   0x08001d78   0x00000030   Code   RO         1549    i.HAL_SYSTICK_Config  stm32g0xx_hal_cortex.o
    0x08001da8   0x08001da8   0x00000002   Code   RO         2648    i.HAL_TIMEx_Break2Callback  stm32g0xx_hal_tim_ex.o
    0x08001daa   0x08001daa   0x00000002   Code   RO         2649    i.HAL_TIMEx_BreakCallback  stm32g0xx_hal_tim_ex.o
    0x08001dac   0x08001dac   0x00000002   Code   RO         2650    i.HAL_TIMEx_CommutCallback  stm32g0xx_hal_tim_ex.o
    0x08001dae   0x08001dae   0x0000004c   Code   RO         1938    i.HAL_TIM_Base_Init  stm32g0xx_hal_tim.o
    0x08001dfa   0x08001dfa   0x00000002   PAD
    0x08001dfc   0x08001dfc   0x00000060   Code   RO          403    i.HAL_TIM_Base_MspInit  stm32g0xx_hal_msp.o
    0x08001e5c   0x08001e5c   0x00000002   Code   RO         1972    i.HAL_TIM_IC_CaptureCallback  stm32g0xx_hal_tim.o
    0x08001e5e   0x08001e5e   0x00000002   PAD
    0x08001e60   0x08001e60   0x00000184   Code   RO         1986    i.HAL_TIM_IRQHandler  stm32g0xx_hal_tim.o
    0x08001fe4   0x08001fe4   0x00000002   Code   RO         1989    i.HAL_TIM_OC_DelayElapsedCallback  stm32g0xx_hal_tim.o
    0x08001fe6   0x08001fe6   0x00000002   Code   RO         2016    i.HAL_TIM_PWM_PulseFinishedCallback  stm32g0xx_hal_tim.o
    0x08001fe8   0x08001fe8   0x00000002   Code   RO         2024    i.HAL_TIM_PeriodElapsedCallback  stm32g0xx_hal_tim.o
    0x08001fea   0x08001fea   0x00000002   Code   RO         2029    i.HAL_TIM_TriggerCallback  stm32g0xx_hal_tim.o
    0x08001fec   0x08001fec   0x00000002   Code   RO         2956    i.HAL_UARTEx_RxEventCallback  stm32g0xx_hal_uart.o
    0x08001fee   0x08001fee   0x00000002   Code   RO         3370    i.HAL_UARTEx_RxFifoFullCallback  stm32g0xx_hal_uart_ex.o
    0x08001ff0   0x08001ff0   0x00000002   Code   RO         3374    i.HAL_UARTEx_TxFifoEmptyCallback  stm32g0xx_hal_uart_ex.o
    0x08001ff2   0x08001ff2   0x00000002   Code   RO         3375    i.HAL_UARTEx_WakeupCallback  stm32g0xx_hal_uart_ex.o
    0x08001ff4   0x08001ff4   0x00000002   Code   RO         2972    i.HAL_UART_ErrorCallback  stm32g0xx_hal_uart.o
    0x08001ff6   0x08001ff6   0x00000002   PAD
    0x08001ff8   0x08001ff8   0x000002e8   Code   RO         2975    i.HAL_UART_IRQHandler  stm32g0xx_hal_uart.o
    0x080022e0   0x080022e0   0x0000006c   Code   RO         2976    i.HAL_UART_Init     stm32g0xx_hal_uart.o
    0x0800234c   0x0800234c   0x0000006c   Code   RO          405    i.HAL_UART_MspInit  stm32g0xx_hal_msp.o
    0x080023b8   0x080023b8   0x00000002   Code   RO         2988    i.HAL_UART_TxCpltCallback  stm32g0xx_hal_uart.o
    0x080023ba   0x080023ba   0x00000002   Code   RO          325    i.HardFault_Handler  stm32g0xx_it.o
    0x080023bc   0x080023bc   0x00000008   Code   RO          518    i.LL_ADC_IsEnabled  stm32g0xx_hal_adc.o
    0x080023c4   0x080023c4   0x00000008   Code   RO          519    i.LL_ADC_REG_IsConversionOngoing  stm32g0xx_hal_adc.o
    0x080023cc   0x080023cc   0x00000010   Code   RO          520    i.LL_ADC_REG_IsTriggerSourceSWStart  stm32g0xx_hal_adc.o
    0x080023dc   0x080023dc   0x0000000e   Code   RO          522    i.LL_ADC_SetCommonPathInternalCh  stm32g0xx_hal_adc.o
    0x080023ea   0x080023ea   0x00000016   Code   RO          523    i.LL_ADC_SetSamplingTimeCommonChannels  stm32g0xx_hal_adc.o
    0x08002400   0x08002400   0x00000020   Code   RO          224    i.MBSendData        main.o
    0x08002420   0x08002420   0x00000070   Code   RO          225    i.MX_ADC1_Init      main.o
    0x08002490   0x08002490   0x00000044   Code   RO          226    i.MX_USART2_UART_Init  main.o
    0x080024d4   0x080024d4   0x00000016   Code   RO          227    i.NMEA_checkSum     main.o
    0x080024ea   0x080024ea   0x00000002   Code   RO          326    i.NMI_Handler       stm32g0xx_it.o
    0x080024ec   0x080024ec   0x00000002   Code   RO          327    i.PendSV_Handler    stm32g0xx_it.o
    0x080024ee   0x080024ee   0x0000000c   Code   RO          184    i.Queue_Init        driver_queue.o
    0x080024fa   0x080024fa   0x0000002a   Code   RO          185    i.Queue_read        driver_queue.o
    0x08002524   0x08002524   0x00000040   Code   RO          186    i.Queue_wirte       driver_queue.o
    0x08002564   0x08002564   0x00000002   Code   RO          328    i.SVC_Handler       stm32g0xx_it.o
    0x08002566   0x08002566   0x00000008   Code   RO          329    i.SysTick_Handler   stm32g0xx_it.o
    0x0800256e   0x0800256e   0x00000060   Code   RO          228    i.SystemClock_Config  main.o
    0x080025ce   0x080025ce   0x00000002   Code   RO         3472    i.SystemInit        system_stm32g0xx.o
    0x080025d0   0x080025d0   0x00000010   Code   RO          330    i.TIM16_IRQHandler  stm32g0xx_it.o
    0x080025e0   0x080025e0   0x00000010   Code   RO          331    i.TIM17_IRQHandler  stm32g0xx_it.o
    0x080025f0   0x080025f0   0x00000078   Code   RO         2031    i.TIM_Base_SetConfig  stm32g0xx_hal_tim.o
    0x08002668   0x08002668   0x000000ca   Code   RO         2990    i.UART_AdvFeatureConfig  stm32g0xx_hal_uart.o
    0x08002732   0x08002732   0x00000002   PAD
    0x08002734   0x08002734   0x00000064   Code   RO         2991    i.UART_CheckIdleState  stm32g0xx_hal_uart.o
    0x08002798   0x08002798   0x00000014   Code   RO         2992    i.UART_DMAAbortOnError  stm32g0xx_hal_uart.o
    0x080027ac   0x080027ac   0x00000064   Code   RO         3002    i.UART_EndRxTransfer  stm32g0xx_hal_uart.o
    0x08002810   0x08002810   0x00000168   Code   RO         3008    i.UART_SetConfig    stm32g0xx_hal_uart.o
    0x08002978   0x08002978   0x000000d2   Code   RO         3015    i.UART_WaitOnFlagUntilTimeout  stm32g0xx_hal_uart.o
    0x08002a4a   0x08002a4a   0x00000002   PAD
    0x08002a4c   0x08002a4c   0x0000002c   Code   RO          332    i.USART2_IRQHandler  stm32g0xx_it.o
    0x08002a78   0x08002a78   0x00000020   Code   RO         3663    i.__0printf$5       mc_p.l(printf5.o)
    0x08002a98   0x08002a98   0x00000028   Code   RO         3665    i.__0sprintf$5      mc_p.l(printf5.o)
    0x08002ac0   0x08002ac0   0x0000002e   Code   RO         3861    i.__ARM_clz         mf_p.l(depilogue.o)
    0x08002aee   0x08002aee   0x00000002   PAD
    0x08002af0   0x08002af0   0x00000044   Code   RO         1551    i.__NVIC_SetPriority  stm32g0xx_hal_cortex.o
    0x08002b34   0x08002b34   0x00000008   Code   RO         3849    i.__aeabi_errno_addr  mc_p.l(errno.o)
    0x08002b3c   0x08002b3c   0x000000ac   Code   RO         3821    i.__kernel_poly     m_ps.l(poly.o)
    0x08002be8   0x08002be8   0x00000014   Code   RO         3807    i.__mathlib_dbl_divzero  m_ps.l(dunder.o)
    0x08002bfc   0x08002bfc   0x0000000a   Code   RO         3808    i.__mathlib_dbl_infnan  m_ps.l(dunder.o)
    0x08002c06   0x08002c06   0x00000010   Code   RO         3810    i.__mathlib_dbl_invalid  m_ps.l(dunder.o)
    0x08002c16   0x08002c16   0x0000000e   Code   RO         3905    i.__scatterload_copy  mc_p.l(handlers.o)
    0x08002c24   0x08002c24   0x00000002   Code   RO         3906    i.__scatterload_null  mc_p.l(handlers.o)
    0x08002c26   0x08002c26   0x0000000e   Code   RO         3907    i.__scatterload_zeroinit  mc_p.l(handlers.o)
    0x08002c34   0x08002c34   0x0000000c   Code   RO         3851    i.__set_errno       mc_p.l(errno.o)
    0x08002c40   0x08002c40   0x000002d4   Code   RO         3670    i._printf_core      mc_p.l(printf5.o)
    0x08002f14   0x08002f14   0x0000000a   Code   RO         3672    i._sputc            mc_p.l(printf5.o)
    0x08002f1e   0x08002f1e   0x00000002   PAD
    0x08002f20   0x08002f20   0x00000014   Code   RO          229    i.fputc             main.o
    0x08002f34   0x08002f34   0x00000354   Code   RO         3504    i.log               m_ps.l(log.o)
    0x08003288   0x08003288   0x00000130   Code   RO          230    i.main              main.o
    0x080033b8   0x080033b8   0x00000134   Code   RO          231    i.temp_cal          main.o
    0x080034ec   0x080034ec   0x00000018   Data   RO         3016    .constdata          stm32g0xx_hal_uart.o
    0x08003504   0x08003504   0x00000040   Data   RO         3473    .constdata          system_stm32g0xx.o
    0x08003544   0x08003544   0x00000020   Data   RO         3474    .constdata          system_stm32g0xx.o
    0x08003564   0x08003564   0x00000004   PAD
    0x08003568   0x08003568   0x00000038   Data   RO         3505    .constdata          m_ps.l(log.o)
    0x080035a0   0x080035a0   0x00000008   Data   RO         3823    .constdata          m_ps.l(qnan.o)
    0x080035a8   0x080035a8   0x00000081   Data   RO         3872    .constdata          mc_p.l(ctype_o.o)
    0x08003629   0x08003629   0x00000003   PAD
    0x0800362c   0x0800362c   0x00000004   Data   RO         3873    .constdata          mc_p.l(ctype_o.o)
    0x08003630   0x08003630   0x00000057   Data   RO          235    .conststring        main.o
    0x08003687   0x08003687   0x00000001   PAD
    0x08003688   0x08003688   0x00000020   Data   RO         3903    Region$$Table       anon$$obj.o


    Execution Region RW_IRAM1 (Exec base: 0x20000000, Load base: 0x080036a8, Size: 0x00000d80, Max: 0x00002000, ABSOLUTE)

    Exec Addr    Load Addr    Size         Type   Attr      Idx    E Section Name        Object

    0x20000000   0x080036a8   0x00000098   Data   RW          236    .data               main.o
    0x20000098   0x08003740   0x00000001   Data   RW          333    .data               stm32g0xx_it.o
    0x20000099   0x08003741   0x00000003   PAD
    0x2000009c   0x08003744   0x0000000c   Data   RW         1677    .data               stm32g0xx_hal.o
    0x200000a8   0x08003750   0x00000004   Data   RW         3475    .data               system_stm32g0xx.o
    0x200000ac   0x08003754   0x00000004   Data   RW         3840    .data               mc_p.l(stdout.o)
    0x200000b0   0x08003758   0x00000004   Data   RW         3852    .data               mc_p.l(errno.o)
    0x200000b4        -       0x000008c8   Zero   RW          232    .bss                main.o
    0x2000097c   0x0800375c   0x00000004   PAD
    0x20000980        -       0x00000400   Zero   RW            1    STACK               startup_stm32g030xx.o


==============================================================================

Image component sizes


      Code (inc. data)   RO Data    RW Data    ZI Data      Debug   Object Name

       118          0          0          0          0       2428   driver_queue.o
      1682        286         87        152       2248      50924   main.o
        28          8        192          0       1024        628   startup_stm32g030xx.o
       176         26          0         12          0      16045   stm32g0xx_hal.o
      1502         62          0          0          0      40658   stm32g0xx_hal_adc.o
         8          0          0          0          0       2605   stm32g0xx_hal_adc_ex.o
       148         24          0          0          0      12097   stm32g0xx_hal_cortex.o
       240         10          0          0          0       1919   stm32g0xx_hal_dma.o
         0          0          0          0          0       2716   stm32g0xx_hal_flash.o
       348         18          0          0          0       1320   stm32g0xx_hal_gpio.o
       124         20          0          0          0       1851   stm32g0xx_hal_iwdg.o
       388         40          0          0          0       2906   stm32g0xx_hal_msp.o
        76         14          0          0          0        742   stm32g0xx_hal_pwr_ex.o
      1508         88          0          0          0      20381   stm32g0xx_hal_rcc.o
       332         12          0          0          0       1624   stm32g0xx_hal_rcc_ex.o
       594         26          0          0          0       6245   stm32g0xx_hal_tim.o
         6          0          0          0          0       2132   stm32g0xx_hal_tim_ex.o
      1850         62         24          0          0      31068   stm32g0xx_hal_uart.o
         6          0          0          0          0       2093   stm32g0xx_hal_uart_ex.o
       108         36          0          1          0       4193   stm32g0xx_it.o
         2          0         96          4          0       1111   system_stm32g0xx.o
        56         16          0          0          0     410552   thermistor.o

    ----------------------------------------------------------------------
      9312        748        436        172       3276     616238   Object Totals
         0          0         32          0          0          0   (incl. Generated)
        12          0          5          3          4          0   (incl. Padding)

    ----------------------------------------------------------------------

      Code (inc. data)   RO Data    RW Data    ZI Data      Debug   Library Member Name

        46          4          0          0          0        204   dunder.o
       852         62         56          0          0        136   log.o
       172          0          0          0          0         76   poly.o
         0          0          8          0          0          0   qnan.o
        30          0          0          0          0         60   _chval.o
       166          0          0          0          0         84   _strtoul.o
        26          0          0          0          0         72   atoi.o
         8          4        133          0          0         60   ctype_o.o
         0          0          0          0          0          0   entry.o
         0          0          0          0          0          0   entry10a.o
         0          0          0          0          0          0   entry11a.o
         4          0          0          0          0          0   entry12b.o
         8          4          0          0          0          0   entry2.o
         4          0          0          0          0          0   entry5.o
         0          0          0          0          0          0   entry7b.o
         0          0          0          0          0          0   entry8b.o
         8          4          0          0          0          0   entry9a.o
        20         10          0          4          0        120   errno.o
        30          0          0          0          0          0   handlers.o
        40          0          0          0          0         72   idiv.o
        36          8          0          0          0         68   init.o
         0          0          0          0          0          0   iusefp.o
        32          0          0          0          0         68   llshl.o
        38          0          0          0          0         68   llsshr.o
        34          0          0          0          0         68   llushr.o
        36          0          0          0          0         60   memcpya.o
        36          0          0          0          0        100   memseta.o
       806         56          0          0          0        312   printf5.o
         0          0          0          4          0          0   stdout.o
        14          0          0          0          0         60   strlen.o
        30          0          0          0          0         72   strncmp.o
       112          4          0          0          0         76   strtol.o
        44          0          0          0          0         72   uidiv.o
        96          0          0          0          0         84   uldiv.o
        40          2          0          0          0         68   cdcmple.o
        40          2          0          0          0         68   cdrcmple.o
       360          6          0          0          0        140   dadd.o
       240          6          0          0          0         84   ddiv.o
       236          0          0          0          0        216   depilogue.o
        72         10          0          0          0         72   dfixi.o
        40          6          0          0          0         68   dflti.o
        28          4          0          0          0         68   dfltui.o
       208          6          0          0          0         88   dmul.o
        44          0          0          0          0         72   dscalb.o

    ----------------------------------------------------------------------
      4044        198        200          8          0       2936   Library Totals
         8          0          3          0          0          0   (incl. Padding)

    ----------------------------------------------------------------------

      Code (inc. data)   RO Data    RW Data    ZI Data      Debug   Library Name

      1070         66         64          0          0        416   m_ps.l
      1658         90        133          8          0       1576   mc_p.l
      1308         42          0          0          0        944   mf_p.l

    ----------------------------------------------------------------------
      4044        198        200          8          0       2936   Library Totals

    ----------------------------------------------------------------------

==============================================================================


      Code (inc. data)   RO Data    RW Data    ZI Data      Debug   

     13356        946        636        180       3276     613942   Grand Totals
     13356        946        636        180       3276     613942   ELF Image Totals
     13356        946        636        180          0          0   ROM Totals

==============================================================================

    Total RO  Size (Code + RO Data)                13992 (  13.66kB)
    Total RW  Size (RW Data + ZI Data)              3456 (   3.38kB)
    Total ROM Size (Code + RO Data + RW Data)      14172 (  13.84kB)

==============================================================================

